---
source: ansi2/src/lib.rs
expression: r
---
(
    "",
    [
        CursorHide,
        Title(
            "/c/wt",
        ),
        ColorForeground(
            Color8(
                Black,
            ),
        ),
        Bold,
        ColorReset,
        EraseInDisplay(
            0,
        ),
        EraseInLine(
            0,
        ),
    ],
)
