---
source: ansi2/src/lib.rs
expression: r
---
(
    "",
    [
        Token {
            sgr: Char(
                'a',
            ),
            range: (
                0,
                1,
            ),
        },
        Token {
            sgr: Char(
                'n',
            ),
            range: (
                1,
                2,
            ),
        },
        Token {
            sgr: Char(
                's',
            ),
            range: (
                2,
                3,
            ),
        },
        Token {
            sgr: Char(
                'i',
            ),
            range: (
                3,
                4,
            ),
        },
    ],
)
