---
source: ansi2/src/lib.rs
expression: canvas
---
Canvas {
    pixels: [
        [
            Node {
                bg_color: Default,
                color: Color8(
                    Black,
                ),
                bold: false,
                blink: false,
                char: 'b',
                dim: false,
                italic: false,
                underline: false,
                hide: false,
            },
            Node {
                bg_color: Default,
                color: Color8(
                    Black,
                ),
                bold: false,
                blink: false,
                char: 'l',
                dim: false,
                italic: false,
                underline: false,
                hide: false,
            },
            Node {
                bg_color: Default,
                color: Color8(
                    Black,
                ),
                bold: false,
                blink: false,
                char: 'a',
                dim: false,
                italic: false,
                underline: false,
                hide: false,
            },
            Node {
                bg_color: Default,
                color: Color8(
                    Black,
                ),
                bold: false,
                blink: false,
                char: 'c',
                dim: false,
                italic: false,
                underline: false,
                hide: false,
            },
            Node {
                bg_color: Default,
                color: Color8(
                    Black,
                ),
                bold: false,
                blink: false,
                char: 'k',
                dim: false,
                italic: false,
                underline: false,
                hide: false,
            },
            Node {
                bg_color: Default,
                color: Default,
                bold: false,
                blink: false,
                char: ' ',
                dim: false,
                italic: false,
                underline: false,
                hide: false,
            },
            Node {
                bg_color: Default,
                color: Default,
                bold: false,
                blink: false,
                char: ' ',
                dim: false,
                italic: false,
                underline: false,
                hide: false,
            },
            Node {
                bg_color: Default,
                color: Default,
                bold: false,
                blink: false,
                char: ' ',
                dim: false,
                italic: false,
                underline: false,
                hide: false,
            },
            Node {
                bg_color: Default,
                color: Default,
                bold: false,
                blink: false,
                char: ' ',
                dim: false,
                italic: false,
                underline: false,
                hide: false,
            },
            Node {
                bg_color: Default,
                color: Color8(
                    BrightBlack,
                ),
                bold: false,
                blink: false,
                char: 'b',
                dim: false,
                italic: false,
                underline: false,
                hide: false,
            },
            Node {
                bg_color: Default,
                color: Color8(
                    BrightBlack,
                ),
                bold: false,
                blink: false,
                char: 'r',
                dim: false,
                italic: false,
                underline: false,
                hide: false,
            },
            Node {
                bg_color: Default,
                color: Color8(
                    BrightBlack,
                ),
                bold: false,
                blink: false,
                char: 'i',
                dim: false,
                italic: false,
                underline: false,
                hide: false,
            },
            Node {
                bg_color: Default,
                color: Color8(
                    BrightBlack,
                ),
                bold: false,
                blink: false,
                char: 'g',
                dim: false,
                italic: false,
                underline: false,
                hide: false,
            },
            Node {
                bg_color: Default,
                color: Color8(
                    BrightBlack,
                ),
                bold: false,
                blink: false,
                char: 'h',
                dim: false,
                italic: false,
                underline: false,
                hide: false,
            },
            Node {
                bg_color: Default,
                color: Color8(
                    BrightBlack,
                ),
                bold: false,
                blink: false,
                char: 't',
                dim: false,
                italic: false,
                underline: false,
                hide: false,
            },
            Node {
                bg_color: Default,
                color: Color8(
                    BrightBlack,
                ),
                bold: false,
                blink: false,
                char: ' ',
                dim: false,
                italic: false,
                underline: false,
                hide: false,
            },
            Node {
                bg_color: Default,
                color: Color8(
                    BrightBlack,
                ),
                bold: false,
                blink: false,
                char: 'b',
                dim: false,
                italic: false,
                underline: false,
                hide: false,
            },
            Node {
                bg_color: Default,
                color: Color8(
                    BrightBlack,
                ),
                bold: false,
                blink: false,
                char: 'l',
                dim: false,
                italic: false,
                underline: false,
                hide: false,
            },
            Node {
                bg_color: Default,
                color: Color8(
                    BrightBlack,
                ),
                bold: false,
                blink: false,
                char: 'a',
                dim: false,
                italic: false,
                underline: false,
                hide: false,
            },
            Node {
                bg_color: Default,
                color: Color8(
                    BrightBlack,
                ),
                bold: false,
                blink: false,
                char: 'c',
                dim: false,
                italic: false,
                underline: false,
                hide: false,
            },
            Node {
                bg_color: Default,
                color: Color8(
                    BrightBlack,
                ),
                bold: false,
                blink: false,
                char: 'k',
                dim: false,
                italic: false,
                underline: false,
                hide: false,
            },
            Node {
                bg_color: Default,
                color: Default,
                bold: false,
                blink: false,
                char: ' ',
                dim: false,
                italic: false,
                underline: false,
                hide: false,
            },
            Node {
                bg_color: Default,
                color: Default,
                bold: false,
                blink: false,
                char: ' ',
                dim: false,
                italic: false,
                underline: false,
                hide: false,
            },
            Node {
                bg_color: Default,
                color: Default,
                bold: false,
                blink: false,
                char: ' ',
                dim: false,
                italic: false,
                underline: false,
                hide: false,
            },
            Node {
                bg_color: Default,
                color: Default,
                bold: false,
                blink: false,
                char: ' ',
                dim: false,
                italic: false,
                underline: false,
                hide: false,
            },
            Node {
                bg_color: Default,
                color: Default,
                bold: false,
                blink: false,
                char: ' ',
                dim: false,
                italic: false,
                underline: false,
                hide: false,
            },
            Node {
                bg_color: Color8(
                    Black,
                ),
                color: Default,
                bold: false,
                blink: false,
                char: 'b',
                dim: false,
                italic: false,
                underline: false,
                hide: false,
            },
            Node {
                bg_color: Color8(
                    Black,
                ),
                color: Default,
                bold: false,
                blink: false,
                char: 'l',
                dim: false,
                italic: false,
                underline: false,
                hide: false,
            },
            Node {
                bg_color: Color8(
                    Black,
                ),
                color: Default,
                bold: false,
                blink: false,
                char: 'a',
                dim: false,
                italic: false,
                underline: false,
                hide: false,
            },
            Node {
                bg_color: Color8(
                    Black,
                ),
                color: Default,
                bold: false,
                blink: false,
                char: 'c',
                dim: false,
                italic: false,
                underline: false,
                hide: false,
            },
            Node {
                bg_color: Color8(
                    Black,
                ),
                color: Default,
                bold: false,
                blink: false,
                char: 'k',
                dim: false,
                italic: false,
                underline: false,
                hide: false,
            },
            Node {
                bg_color: Default,
                color: Default,
                bold: false,
                blink: false,
                char: ' ',
                dim: false,
                italic: false,
                underline: false,
                hide: false,
            },
            Node {
                bg_color: Default,
                color: Default,
                bold: false,
                blink: false,
                char: ' ',
                dim: false,
                italic: false,
                underline: false,
                hide: false,
            },
            Node {
                bg_color: Default,
                color: Default,
                bold: false,
                blink: false,
                char: ' ',
                dim: false,
                italic: false,
                underline: false,
                hide: false,
            },
            Node {
                bg_color: Default,
                color: Default,
                bold: false,
                blink: false,
                char: ' ',
                dim: false,
                italic: false,
                underline: false,
                hide: false,
            },
            Node {
                bg_color: Color8(
                    BrightBlack,
                ),
                color: Default,
                bold: false,
                blink: false,
                char: 'b',
                dim: false,
                italic: false,
                underline: false,
                hide: false,
            },
            Node {
                bg_color: Color8(
                    BrightBlack,
                ),
                color: Default,
                bold: false,
                blink: false,
                char: 'r',
                dim: false,
                italic: false,
                underline: false,
                hide: false,
            },
            Node {
                bg_color: Color8(
                    BrightBlack,
                ),
                color: Default,
                bold: false,
                blink: false,
                char: 'i',
                dim: false,
                italic: false,
                underline: false,
                hide: false,
            },
            Node {
                bg_color: Color8(
                    BrightBlack,
                ),
                color: Default,
                bold: false,
                blink: false,
                char: 'g',
                dim: false,
                italic: false,
                underline: false,
                hide: false,
            },
            Node {
                bg_color: Color8(
                    BrightBlack,
                ),
                color: Default,
                bold: false,
                blink: false,
                char: 'h',
                dim: false,
                italic: false,
                underline: false,
                hide: false,
            },
            Node {
                bg_color: Color8(
                    BrightBlack,
                ),
                color: Default,
                bold: false,
                blink: false,
                char: 't',
                dim: false,
                italic: false,
                underline: false,
                hide: false,
            },
            Node {
                bg_color: Color8(
                    BrightBlack,
                ),
                color: Default,
                bold: false,
                blink: false,
                char: ' ',
                dim: false,
                italic: false,
                underline: false,
                hide: false,
            },
            Node {
                bg_color: Color8(
                    BrightBlack,
                ),
                color: Default,
                bold: false,
                blink: false,
                char: 'b',
                dim: false,
                italic: false,
                underline: false,
                hide: false,
            },
            Node {
                bg_color: Color8(
                    BrightBlack,
                ),
                color: Default,
                bold: false,
                blink: false,
                char: 'l',
                dim: false,
                italic: false,
                underline: false,
                hide: false,
            },
            Node {
                bg_color: Color8(
                    BrightBlack,
                ),
                color: Default,
                bold: false,
                blink: false,
                char: 'a',
                dim: false,
                italic: false,
                underline: false,
                hide: false,
            },
            Node {
                bg_color: Color8(
                    BrightBlack,
                ),
                color: Default,
                bold: false,
                blink: false,
                char: 'c',
                dim: false,
                italic: false,
                underline: false,
                hide: false,
            },
            Node {
                bg_color: Color8(
                    BrightBlack,
                ),
                color: Default,
                bold: false,
                blink: false,
                char: 'k',
                dim: false,
                italic: false,
                underline: false,
                hide: false,
            },
        ],
    ],
    w: 48,
    h: 1,
}
