---
source: ansi2/src/lib.rs
expression: r
---
(
    "",
    [
        Token {
            sgr: CursorHorizontalAbsolute(
                1,
            ),
            range: (
                0,
                4,
            ),
        },
        Token {
            sgr: CursorUp(
                19,
            ),
            range: (
                4,
                9,
            ),
        },
        Token {
            sgr: CursorForward(
                47,
            ),
            range: (
                9,
                14,
            ),
        },
    ],
)
