---
source: ansi2/src/lib.rs
expression: r
---
(
    "",
    [
        List(
            [
                ColorReset,
                SlowBlink,
                ColorForeground(
                    Color8(
                        Magenta,
                    ),
                ),
                ColorBackground(
                    Color8(
                        Magenta,
                    ),
                ),
            ],
        ),
    ],
)
