---
source: ansi2/src/lib.rs
expression: canvas
---
Canvas {
    pixels: [
        [
            Node {
                bg_color: Color8(
                    Cyan,
                ),
                color: Color8(
                    White,
                ),
                bold: true,
                blink: false,
                text: " ",
                dim: false,
                italic: false,
                underline: false,
                hide: false,
                strike: false,
                bg_color_r: (
                    5,
                    9,
                ),
                color_r: (
                    5,
                    9,
                ),
                bold_r: (
                    9,
                    13,
                ),
                blink_r: (
                    0,
                    0,
                ),
                text_r: (
                    13,
                    14,
                ),
                dim_r: (
                    0,
                    0,
                ),
                italic_r: (
                    0,
                    0,
                ),
                underline_r: (
                    0,
                    0,
                ),
                hide_r: (
                    0,
                    0,
                ),
                strike_r: (
                    0,
                    0,
                ),
            },
            Node {
                bg_color: Color8(
                    Cyan,
                ),
                color: Color8(
                    White,
                ),
                bold: true,
                blink: false,
                text: "B",
                dim: false,
                italic: false,
                underline: false,
                hide: false,
                strike: false,
                bg_color_r: (
                    5,
                    9,
                ),
                color_r: (
                    5,
                    9,
                ),
                bold_r: (
                    9,
                    13,
                ),
                blink_r: (
                    0,
                    0,
                ),
                text_r: (
                    14,
                    15,
                ),
                dim_r: (
                    0,
                    0,
                ),
                italic_r: (
                    0,
                    0,
                ),
                underline_r: (
                    0,
                    0,
                ),
                hide_r: (
                    0,
                    0,
                ),
                strike_r: (
                    0,
                    0,
                ),
            },
            Node {
                bg_color: Color8(
                    Cyan,
                ),
                color: Color8(
                    White,
                ),
                bold: true,
                blink: false,
                text: "E",
                dim: false,
                italic: false,
                underline: false,
                hide: false,
                strike: false,
                bg_color_r: (
                    5,
                    9,
                ),
                color_r: (
                    5,
                    9,
                ),
                bold_r: (
                    9,
                    13,
                ),
                blink_r: (
                    0,
                    0,
                ),
                text_r: (
                    15,
                    16,
                ),
                dim_r: (
                    0,
                    0,
                ),
                italic_r: (
                    0,
                    0,
                ),
                underline_r: (
                    0,
                    0,
                ),
                hide_r: (
                    0,
                    0,
                ),
                strike_r: (
                    0,
                    0,
                ),
            },
            Node {
                bg_color: Color8(
                    Cyan,
                ),
                color: Color8(
                    White,
                ),
                bold: true,
                blink: false,
                text: "N",
                dim: false,
                italic: false,
                underline: false,
                hide: false,
                strike: false,
                bg_color_r: (
                    5,
                    9,
                ),
                color_r: (
                    5,
                    9,
                ),
                bold_r: (
                    9,
                    13,
                ),
                blink_r: (
                    0,
                    0,
                ),
                text_r: (
                    16,
                    17,
                ),
                dim_r: (
                    0,
                    0,
                ),
                italic_r: (
                    0,
                    0,
                ),
                underline_r: (
                    0,
                    0,
                ),
                hide_r: (
                    0,
                    0,
                ),
                strike_r: (
                    0,
                    0,
                ),
            },
            Node {
                bg_color: Color8(
                    Cyan,
                ),
                color: Color8(
                    White,
                ),
                bold: true,
                blink: false,
                text: "C",
                dim: false,
                italic: false,
                underline: false,
                hide: false,
                strike: false,
                bg_color_r: (
                    5,
                    9,
                ),
                color_r: (
                    5,
                    9,
                ),
                bold_r: (
                    9,
                    13,
                ),
                blink_r: (
                    0,
                    0,
                ),
                text_r: (
                    17,
                    18,
                ),
                dim_r: (
                    0,
                    0,
                ),
                italic_r: (
                    0,
                    0,
                ),
                underline_r: (
                    0,
                    0,
                ),
                hide_r: (
                    0,
                    0,
                ),
                strike_r: (
                    0,
                    0,
                ),
            },
            Node {
                bg_color: Color8(
                    Cyan,
                ),
                color: Color8(
                    White,
                ),
                bold: true,
                blink: false,
                text: "H",
                dim: false,
                italic: false,
                underline: false,
                hide: false,
                strike: false,
                bg_color_r: (
                    5,
                    9,
                ),
                color_r: (
                    5,
                    9,
                ),
                bold_r: (
                    9,
                    13,
                ),
                blink_r: (
                    0,
                    0,
                ),
                text_r: (
                    18,
                    19,
                ),
                dim_r: (
                    0,
                    0,
                ),
                italic_r: (
                    0,
                    0,
                ),
                underline_r: (
                    0,
                    0,
                ),
                hide_r: (
                    0,
                    0,
                ),
                strike_r: (
                    0,
                    0,
                ),
            },
            Node {
                bg_color: Color8(
                    Cyan,
                ),
                color: Color8(
                    White,
                ),
                bold: true,
                blink: false,
                text: " ",
                dim: false,
                italic: false,
                underline: false,
                hide: false,
                strike: false,
                bg_color_r: (
                    5,
                    9,
                ),
                color_r: (
                    5,
                    9,
                ),
                bold_r: (
                    9,
                    13,
                ),
                blink_r: (
                    0,
                    0,
                ),
                text_r: (
                    19,
                    20,
                ),
                dim_r: (
                    0,
                    0,
                ),
                italic_r: (
                    0,
                    0,
                ),
                underline_r: (
                    0,
                    0,
                ),
                hide_r: (
                    0,
                    0,
                ),
                strike_r: (
                    0,
                    0,
                ),
            },
            Node {
                bg_color: Default,
                color: Default,
                bold: false,
                blink: false,
                text: " ",
                dim: false,
                italic: false,
                underline: false,
                hide: false,
                strike: false,
                bg_color_r: (
                    25,
                    30,
                ),
                color_r: (
                    30,
                    35,
                ),
                bold_r: (
                    20,
                    25,
                ),
                blink_r: (
                    0,
                    0,
                ),
                text_r: (
                    35,
                    36,
                ),
                dim_r: (
                    20,
                    25,
                ),
                italic_r: (
                    0,
                    0,
                ),
                underline_r: (
                    0,
                    0,
                ),
                hide_r: (
                    0,
                    0,
                ),
                strike_r: (
                    0,
                    0,
                ),
            },
            Node {
                bg_color: Default,
                color: Color8(
                    Cyan,
                ),
                bold: false,
                blink: false,
                text: "S",
                dim: false,
                italic: false,
                underline: false,
                hide: false,
                strike: false,
                bg_color_r: (
                    25,
                    30,
                ),
                color_r: (
                    36,
                    41,
                ),
                bold_r: (
                    20,
                    25,
                ),
                blink_r: (
                    0,
                    0,
                ),
                text_r: (
                    41,
                    42,
                ),
                dim_r: (
                    20,
                    25,
                ),
                italic_r: (
                    0,
                    0,
                ),
                underline_r: (
                    0,
                    0,
                ),
                hide_r: (
                    0,
                    0,
                ),
                strike_r: (
                    0,
                    0,
                ),
            },
            Node {
                bg_color: Default,
                color: Color8(
                    Cyan,
                ),
                bold: false,
                blink: false,
                text: "u",
                dim: false,
                italic: false,
                underline: false,
                hide: false,
                strike: false,
                bg_color_r: (
                    25,
                    30,
                ),
                color_r: (
                    36,
                    41,
                ),
                bold_r: (
                    20,
                    25,
                ),
                blink_r: (
                    0,
                    0,
                ),
                text_r: (
                    42,
                    43,
                ),
                dim_r: (
                    20,
                    25,
                ),
                italic_r: (
                    0,
                    0,
                ),
                underline_r: (
                    0,
                    0,
                ),
                hide_r: (
                    0,
                    0,
                ),
                strike_r: (
                    0,
                    0,
                ),
            },
            Node {
                bg_color: Default,
                color: Color8(
                    Cyan,
                ),
                bold: false,
                blink: false,
                text: "m",
                dim: false,
                italic: false,
                underline: false,
                hide: false,
                strike: false,
                bg_color_r: (
                    25,
                    30,
                ),
                color_r: (
                    36,
                    41,
                ),
                bold_r: (
                    20,
                    25,
                ),
                blink_r: (
                    0,
                    0,
                ),
                text_r: (
                    43,
                    44,
                ),
                dim_r: (
                    20,
                    25,
                ),
                italic_r: (
                    0,
                    0,
                ),
                underline_r: (
                    0,
                    0,
                ),
                hide_r: (
                    0,
                    0,
                ),
                strike_r: (
                    0,
                    0,
                ),
            },
            Node {
                bg_color: Default,
                color: Color8(
                    Cyan,
                ),
                bold: false,
                blink: false,
                text: "m",
                dim: false,
                italic: false,
                underline: false,
                hide: false,
                strike: false,
                bg_color_r: (
                    25,
                    30,
                ),
                color_r: (
                    36,
                    41,
                ),
                bold_r: (
                    20,
                    25,
                ),
                blink_r: (
                    0,
                    0,
                ),
                text_r: (
                    44,
                    45,
                ),
                dim_r: (
                    20,
                    25,
                ),
                italic_r: (
                    0,
                    0,
                ),
                underline_r: (
                    0,
                    0,
                ),
                hide_r: (
                    0,
                    0,
                ),
                strike_r: (
                    0,
                    0,
                ),
            },
            Node {
                bg_color: Default,
                color: Color8(
                    Cyan,
                ),
                bold: false,
                blink: false,
                text: "a",
                dim: false,
                italic: false,
                underline: false,
                hide: false,
                strike: false,
                bg_color_r: (
                    25,
                    30,
                ),
                color_r: (
                    36,
                    41,
                ),
                bold_r: (
                    20,
                    25,
                ),
                blink_r: (
                    0,
                    0,
                ),
                text_r: (
                    45,
                    46,
                ),
                dim_r: (
                    20,
                    25,
                ),
                italic_r: (
                    0,
                    0,
                ),
                underline_r: (
                    0,
                    0,
                ),
                hide_r: (
                    0,
                    0,
                ),
                strike_r: (
                    0,
                    0,
                ),
            },
            Node {
                bg_color: Default,
                color: Color8(
                    Cyan,
                ),
                bold: false,
                blink: false,
                text: "r",
                dim: false,
                italic: false,
                underline: false,
                hide: false,
                strike: false,
                bg_color_r: (
                    25,
                    30,
                ),
                color_r: (
                    36,
                    41,
                ),
                bold_r: (
                    20,
                    25,
                ),
                blink_r: (
                    0,
                    0,
                ),
                text_r: (
                    46,
                    47,
                ),
                dim_r: (
                    20,
                    25,
                ),
                italic_r: (
                    0,
                    0,
                ),
                underline_r: (
                    0,
                    0,
                ),
                hide_r: (
                    0,
                    0,
                ),
                strike_r: (
                    0,
                    0,
                ),
            },
            Node {
                bg_color: Default,
                color: Color8(
                    Cyan,
                ),
                bold: false,
                blink: false,
                text: "y",
                dim: false,
                italic: false,
                underline: false,
                hide: false,
                strike: false,
                bg_color_r: (
                    25,
                    30,
                ),
                color_r: (
                    36,
                    41,
                ),
                bold_r: (
                    20,
                    25,
                ),
                blink_r: (
                    0,
                    0,
                ),
                text_r: (
                    47,
                    48,
                ),
                dim_r: (
                    20,
                    25,
                ),
                italic_r: (
                    0,
                    0,
                ),
                underline_r: (
                    0,
                    0,
                ),
                hide_r: (
                    0,
                    0,
                ),
                strike_r: (
                    0,
                    0,
                ),
            },
        ],
    ],
    w: 16,
    h: 1,
}
