---
source: ansi2/src/lib.rs
expression: canvas
---
Canvas {
    pixels: [
        [
            Node {
                bg_color: Default,
                color: Default,
                bold: false,
                blink: false,
                text: "]",
                dim: false,
                italic: false,
                underline: false,
                hide: false,
                strike: false,
            },
            Node {
                bg_color: Default,
                color: Default,
                bold: false,
                blink: false,
                text: "8",
                dim: false,
                italic: false,
                underline: false,
                hide: false,
                strike: false,
            },
            Node {
                bg_color: Default,
                color: Default,
                bold: false,
                blink: false,
                text: ";",
                dim: false,
                italic: false,
                underline: false,
                hide: false,
                strike: false,
            },
            Node {
                bg_color: Default,
                color: Default,
                bold: false,
                blink: false,
                text: ";",
                dim: false,
                italic: false,
                underline: false,
                hide: false,
                strike: false,
            },
            Node {
                bg_color: Default,
                color: Default,
                bold: false,
                blink: false,
                text: "\\",
                dim: false,
                italic: false,
                underline: false,
                hide: false,
                strike: false,
            },
        ],
    ],
    w: 6,
    h: 1,
}
