---
source: ansi2/src/lib.rs
expression: r
---
(
    "",
    [
        Char(
            'a',
        ),
        Char(
            'a',
        ),
        Char(
            'a',
        ),
        Bold,
        Char(
            'b',
        ),
        Char(
            'o',
        ),
        Char(
            'l',
        ),
        Char(
            'd',
        ),
        ColorReset,
        Char(
            ' ',
        ),
        Dim,
        Char(
            'd',
        ),
        Char(
            'i',
        ),
        Char(
            'm',
        ),
        ColorReset,
        Char(
            ' ',
        ),
        Italic,
        Char(
            'i',
        ),
        Char(
            't',
        ),
        Char(
            'a',
        ),
        Char(
            'l',
        ),
        Char(
            'i',
        ),
        Char(
            'c',
        ),
        Italic,
        Char(
            ' ',
        ),
        Underline,
        Char(
            'u',
        ),
        Char(
            'n',
        ),
        Char(
            'd',
        ),
        Char(
            'e',
        ),
        Char(
            'r',
        ),
        Char(
            'l',
        ),
        Char(
            'i',
        ),
        Char(
            'n',
        ),
        Char(
            'e',
        ),
        Underline,
    ],
)
