---
source: ansi2/src/lib.rs
expression: canvas
---
Canvas {
    pixels: [
        [
            Node {
                bg_color: Default,
                color: Default,
                bold: false,
                blink: false,
                text: "h",
                dim: false,
                italic: false,
                underline: false,
                hide: true,
                strike: false,
                bg_color_r: (
                    0,
                    0,
                ),
                color_r: (
                    0,
                    0,
                ),
                bold_r: (
                    0,
                    0,
                ),
                blink_r: (
                    0,
                    0,
                ),
                text_r: (
                    4,
                    5,
                ),
                dim_r: (
                    0,
                    0,
                ),
                italic_r: (
                    0,
                    0,
                ),
                underline_r: (
                    0,
                    0,
                ),
                hide_r: (
                    0,
                    4,
                ),
                strike_r: (
                    0,
                    0,
                ),
            },
            Node {
                bg_color: Default,
                color: Default,
                bold: false,
                blink: false,
                text: "t",
                dim: false,
                italic: false,
                underline: false,
                hide: true,
                strike: false,
                bg_color_r: (
                    0,
                    0,
                ),
                color_r: (
                    0,
                    0,
                ),
                bold_r: (
                    0,
                    0,
                ),
                blink_r: (
                    0,
                    0,
                ),
                text_r: (
                    5,
                    6,
                ),
                dim_r: (
                    0,
                    0,
                ),
                italic_r: (
                    0,
                    0,
                ),
                underline_r: (
                    0,
                    0,
                ),
                hide_r: (
                    0,
                    4,
                ),
                strike_r: (
                    0,
                    0,
                ),
            },
            Node {
                bg_color: Default,
                color: Default,
                bold: false,
                blink: false,
                text: "t",
                dim: false,
                italic: false,
                underline: false,
                hide: true,
                strike: false,
                bg_color_r: (
                    0,
                    0,
                ),
                color_r: (
                    0,
                    0,
                ),
                bold_r: (
                    0,
                    0,
                ),
                blink_r: (
                    0,
                    0,
                ),
                text_r: (
                    6,
                    7,
                ),
                dim_r: (
                    0,
                    0,
                ),
                italic_r: (
                    0,
                    0,
                ),
                underline_r: (
                    0,
                    0,
                ),
                hide_r: (
                    0,
                    4,
                ),
                strike_r: (
                    0,
                    0,
                ),
            },
            Node {
                bg_color: Default,
                color: Default,
                bold: false,
                blink: false,
                text: "p",
                dim: false,
                italic: false,
                underline: false,
                hide: true,
                strike: false,
                bg_color_r: (
                    0,
                    0,
                ),
                color_r: (
                    0,
                    0,
                ),
                bold_r: (
                    0,
                    0,
                ),
                blink_r: (
                    0,
                    0,
                ),
                text_r: (
                    7,
                    8,
                ),
                dim_r: (
                    0,
                    0,
                ),
                italic_r: (
                    0,
                    0,
                ),
                underline_r: (
                    0,
                    0,
                ),
                hide_r: (
                    0,
                    4,
                ),
                strike_r: (
                    0,
                    0,
                ),
            },
            Node {
                bg_color: Default,
                color: Default,
                bold: false,
                blink: false,
                text: ":",
                dim: false,
                italic: false,
                underline: false,
                hide: true,
                strike: false,
                bg_color_r: (
                    0,
                    0,
                ),
                color_r: (
                    0,
                    0,
                ),
                bold_r: (
                    0,
                    0,
                ),
                blink_r: (
                    0,
                    0,
                ),
                text_r: (
                    8,
                    9,
                ),
                dim_r: (
                    0,
                    0,
                ),
                italic_r: (
                    0,
                    0,
                ),
                underline_r: (
                    0,
                    0,
                ),
                hide_r: (
                    0,
                    4,
                ),
                strike_r: (
                    0,
                    0,
                ),
            },
            Node {
                bg_color: Default,
                color: Default,
                bold: false,
                blink: false,
                text: "/",
                dim: false,
                italic: false,
                underline: false,
                hide: true,
                strike: false,
                bg_color_r: (
                    0,
                    0,
                ),
                color_r: (
                    0,
                    0,
                ),
                bold_r: (
                    0,
                    0,
                ),
                blink_r: (
                    0,
                    0,
                ),
                text_r: (
                    9,
                    10,
                ),
                dim_r: (
                    0,
                    0,
                ),
                italic_r: (
                    0,
                    0,
                ),
                underline_r: (
                    0,
                    0,
                ),
                hide_r: (
                    0,
                    4,
                ),
                strike_r: (
                    0,
                    0,
                ),
            },
            Node {
                bg_color: Default,
                color: Default,
                bold: false,
                blink: false,
                text: "/",
                dim: false,
                italic: false,
                underline: false,
                hide: true,
                strike: false,
                bg_color_r: (
                    0,
                    0,
                ),
                color_r: (
                    0,
                    0,
                ),
                bold_r: (
                    0,
                    0,
                ),
                blink_r: (
                    0,
                    0,
                ),
                text_r: (
                    10,
                    11,
                ),
                dim_r: (
                    0,
                    0,
                ),
                italic_r: (
                    0,
                    0,
                ),
                underline_r: (
                    0,
                    0,
                ),
                hide_r: (
                    0,
                    4,
                ),
                strike_r: (
                    0,
                    0,
                ),
            },
            Node {
                bg_color: Default,
                color: Default,
                bold: false,
                blink: false,
                text: "e",
                dim: false,
                italic: false,
                underline: false,
                hide: true,
                strike: false,
                bg_color_r: (
                    0,
                    0,
                ),
                color_r: (
                    0,
                    0,
                ),
                bold_r: (
                    0,
                    0,
                ),
                blink_r: (
                    0,
                    0,
                ),
                text_r: (
                    11,
                    12,
                ),
                dim_r: (
                    0,
                    0,
                ),
                italic_r: (
                    0,
                    0,
                ),
                underline_r: (
                    0,
                    0,
                ),
                hide_r: (
                    0,
                    4,
                ),
                strike_r: (
                    0,
                    0,
                ),
            },
            Node {
                bg_color: Default,
                color: Default,
                bold: false,
                blink: false,
                text: "x",
                dim: false,
                italic: false,
                underline: false,
                hide: true,
                strike: false,
                bg_color_r: (
                    0,
                    0,
                ),
                color_r: (
                    0,
                    0,
                ),
                bold_r: (
                    0,
                    0,
                ),
                blink_r: (
                    0,
                    0,
                ),
                text_r: (
                    12,
                    13,
                ),
                dim_r: (
                    0,
                    0,
                ),
                italic_r: (
                    0,
                    0,
                ),
                underline_r: (
                    0,
                    0,
                ),
                hide_r: (
                    0,
                    4,
                ),
                strike_r: (
                    0,
                    0,
                ),
            },
            Node {
                bg_color: Default,
                color: Default,
                bold: false,
                blink: false,
                text: "a",
                dim: false,
                italic: false,
                underline: false,
                hide: true,
                strike: false,
                bg_color_r: (
                    0,
                    0,
                ),
                color_r: (
                    0,
                    0,
                ),
                bold_r: (
                    0,
                    0,
                ),
                blink_r: (
                    0,
                    0,
                ),
                text_r: (
                    13,
                    14,
                ),
                dim_r: (
                    0,
                    0,
                ),
                italic_r: (
                    0,
                    0,
                ),
                underline_r: (
                    0,
                    0,
                ),
                hide_r: (
                    0,
                    4,
                ),
                strike_r: (
                    0,
                    0,
                ),
            },
            Node {
                bg_color: Default,
                color: Default,
                bold: false,
                blink: false,
                text: "m",
                dim: false,
                italic: false,
                underline: false,
                hide: true,
                strike: false,
                bg_color_r: (
                    0,
                    0,
                ),
                color_r: (
                    0,
                    0,
                ),
                bold_r: (
                    0,
                    0,
                ),
                blink_r: (
                    0,
                    0,
                ),
                text_r: (
                    14,
                    15,
                ),
                dim_r: (
                    0,
                    0,
                ),
                italic_r: (
                    0,
                    0,
                ),
                underline_r: (
                    0,
                    0,
                ),
                hide_r: (
                    0,
                    4,
                ),
                strike_r: (
                    0,
                    0,
                ),
            },
            Node {
                bg_color: Default,
                color: Default,
                bold: false,
                blink: false,
                text: "p",
                dim: false,
                italic: false,
                underline: false,
                hide: true,
                strike: false,
                bg_color_r: (
                    0,
                    0,
                ),
                color_r: (
                    0,
                    0,
                ),
                bold_r: (
                    0,
                    0,
                ),
                blink_r: (
                    0,
                    0,
                ),
                text_r: (
                    15,
                    16,
                ),
                dim_r: (
                    0,
                    0,
                ),
                italic_r: (
                    0,
                    0,
                ),
                underline_r: (
                    0,
                    0,
                ),
                hide_r: (
                    0,
                    4,
                ),
                strike_r: (
                    0,
                    0,
                ),
            },
            Node {
                bg_color: Default,
                color: Default,
                bold: false,
                blink: false,
                text: "l",
                dim: false,
                italic: false,
                underline: false,
                hide: true,
                strike: false,
                bg_color_r: (
                    0,
                    0,
                ),
                color_r: (
                    0,
                    0,
                ),
                bold_r: (
                    0,
                    0,
                ),
                blink_r: (
                    0,
                    0,
                ),
                text_r: (
                    16,
                    17,
                ),
                dim_r: (
                    0,
                    0,
                ),
                italic_r: (
                    0,
                    0,
                ),
                underline_r: (
                    0,
                    0,
                ),
                hide_r: (
                    0,
                    4,
                ),
                strike_r: (
                    0,
                    0,
                ),
            },
            Node {
                bg_color: Default,
                color: Default,
                bold: false,
                blink: false,
                text: "e",
                dim: false,
                italic: false,
                underline: false,
                hide: true,
                strike: false,
                bg_color_r: (
                    0,
                    0,
                ),
                color_r: (
                    0,
                    0,
                ),
                bold_r: (
                    0,
                    0,
                ),
                blink_r: (
                    0,
                    0,
                ),
                text_r: (
                    17,
                    18,
                ),
                dim_r: (
                    0,
                    0,
                ),
                italic_r: (
                    0,
                    0,
                ),
                underline_r: (
                    0,
                    0,
                ),
                hide_r: (
                    0,
                    4,
                ),
                strike_r: (
                    0,
                    0,
                ),
            },
            Node {
                bg_color: Default,
                color: Default,
                bold: false,
                blink: false,
                text: ".",
                dim: false,
                italic: false,
                underline: false,
                hide: true,
                strike: false,
                bg_color_r: (
                    0,
                    0,
                ),
                color_r: (
                    0,
                    0,
                ),
                bold_r: (
                    0,
                    0,
                ),
                blink_r: (
                    0,
                    0,
                ),
                text_r: (
                    18,
                    19,
                ),
                dim_r: (
                    0,
                    0,
                ),
                italic_r: (
                    0,
                    0,
                ),
                underline_r: (
                    0,
                    0,
                ),
                hide_r: (
                    0,
                    4,
                ),
                strike_r: (
                    0,
                    0,
                ),
            },
            Node {
                bg_color: Default,
                color: Default,
                bold: false,
                blink: false,
                text: "c",
                dim: false,
                italic: false,
                underline: false,
                hide: true,
                strike: false,
                bg_color_r: (
                    0,
                    0,
                ),
                color_r: (
                    0,
                    0,
                ),
                bold_r: (
                    0,
                    0,
                ),
                blink_r: (
                    0,
                    0,
                ),
                text_r: (
                    19,
                    20,
                ),
                dim_r: (
                    0,
                    0,
                ),
                italic_r: (
                    0,
                    0,
                ),
                underline_r: (
                    0,
                    0,
                ),
                hide_r: (
                    0,
                    4,
                ),
                strike_r: (
                    0,
                    0,
                ),
            },
            Node {
                bg_color: Default,
                color: Default,
                bold: false,
                blink: false,
                text: "o",
                dim: false,
                italic: false,
                underline: false,
                hide: true,
                strike: false,
                bg_color_r: (
                    0,
                    0,
                ),
                color_r: (
                    0,
                    0,
                ),
                bold_r: (
                    0,
                    0,
                ),
                blink_r: (
                    0,
                    0,
                ),
                text_r: (
                    20,
                    21,
                ),
                dim_r: (
                    0,
                    0,
                ),
                italic_r: (
                    0,
                    0,
                ),
                underline_r: (
                    0,
                    0,
                ),
                hide_r: (
                    0,
                    4,
                ),
                strike_r: (
                    0,
                    0,
                ),
            },
            Node {
                bg_color: Default,
                color: Default,
                bold: false,
                blink: false,
                text: "m",
                dim: false,
                italic: false,
                underline: false,
                hide: true,
                strike: false,
                bg_color_r: (
                    0,
                    0,
                ),
                color_r: (
                    0,
                    0,
                ),
                bold_r: (
                    0,
                    0,
                ),
                blink_r: (
                    0,
                    0,
                ),
                text_r: (
                    21,
                    22,
                ),
                dim_r: (
                    0,
                    0,
                ),
                italic_r: (
                    0,
                    0,
                ),
                underline_r: (
                    0,
                    0,
                ),
                hide_r: (
                    0,
                    4,
                ),
                strike_r: (
                    0,
                    0,
                ),
            },
            Node {
                bg_color: Default,
                color: Default,
                bold: false,
                blink: false,
                text: "/",
                dim: false,
                italic: false,
                underline: false,
                hide: true,
                strike: false,
                bg_color_r: (
                    0,
                    0,
                ),
                color_r: (
                    0,
                    0,
                ),
                bold_r: (
                    0,
                    0,
                ),
                blink_r: (
                    0,
                    0,
                ),
                text_r: (
                    22,
                    23,
                ),
                dim_r: (
                    0,
                    0,
                ),
                italic_r: (
                    0,
                    0,
                ),
                underline_r: (
                    0,
                    0,
                ),
                hide_r: (
                    0,
                    4,
                ),
                strike_r: (
                    0,
                    0,
                ),
            },
            Node {
                bg_color: Default,
                color: Default,
                bold: false,
                blink: false,
                text: "h",
                dim: false,
                italic: false,
                underline: false,
                hide: true,
                strike: false,
                bg_color_r: (
                    0,
                    0,
                ),
                color_r: (
                    0,
                    0,
                ),
                bold_r: (
                    0,
                    0,
                ),
                blink_r: (
                    0,
                    0,
                ),
                text_r: (
                    23,
                    24,
                ),
                dim_r: (
                    0,
                    0,
                ),
                italic_r: (
                    0,
                    0,
                ),
                underline_r: (
                    0,
                    0,
                ),
                hide_r: (
                    0,
                    4,
                ),
                strike_r: (
                    0,
                    0,
                ),
            },
            Node {
                bg_color: Default,
                color: Default,
                bold: false,
                blink: false,
                text: "o",
                dim: false,
                italic: false,
                underline: false,
                hide: true,
                strike: false,
                bg_color_r: (
                    0,
                    0,
                ),
                color_r: (
                    0,
                    0,
                ),
                bold_r: (
                    0,
                    0,
                ),
                blink_r: (
                    0,
                    0,
                ),
                text_r: (
                    24,
                    25,
                ),
                dim_r: (
                    0,
                    0,
                ),
                italic_r: (
                    0,
                    0,
                ),
                underline_r: (
                    0,
                    0,
                ),
                hide_r: (
                    0,
                    4,
                ),
                strike_r: (
                    0,
                    0,
                ),
            },
            Node {
                bg_color: Default,
                color: Default,
                bold: false,
                blink: false,
                text: "w",
                dim: false,
                italic: false,
                underline: false,
                hide: true,
                strike: false,
                bg_color_r: (
                    0,
                    0,
                ),
                color_r: (
                    0,
                    0,
                ),
                bold_r: (
                    0,
                    0,
                ),
                blink_r: (
                    0,
                    0,
                ),
                text_r: (
                    25,
                    26,
                ),
                dim_r: (
                    0,
                    0,
                ),
                italic_r: (
                    0,
                    0,
                ),
                underline_r: (
                    0,
                    0,
                ),
                hide_r: (
                    0,
                    4,
                ),
                strike_r: (
                    0,
                    0,
                ),
            },
            Node {
                bg_color: Default,
                color: Default,
                bold: false,
                blink: false,
                text: "_",
                dim: false,
                italic: false,
                underline: false,
                hide: true,
                strike: false,
                bg_color_r: (
                    0,
                    0,
                ),
                color_r: (
                    0,
                    0,
                ),
                bold_r: (
                    0,
                    0,
                ),
                blink_r: (
                    0,
                    0,
                ),
                text_r: (
                    26,
                    27,
                ),
                dim_r: (
                    0,
                    0,
                ),
                italic_r: (
                    0,
                    0,
                ),
                underline_r: (
                    0,
                    0,
                ),
                hide_r: (
                    0,
                    4,
                ),
                strike_r: (
                    0,
                    0,
                ),
            },
            Node {
                bg_color: Default,
                color: Default,
                bold: false,
                blink: false,
                text: "a",
                dim: false,
                italic: false,
                underline: false,
                hide: true,
                strike: false,
                bg_color_r: (
                    0,
                    0,
                ),
                color_r: (
                    0,
                    0,
                ),
                bold_r: (
                    0,
                    0,
                ),
                blink_r: (
                    0,
                    0,
                ),
                text_r: (
                    27,
                    28,
                ),
                dim_r: (
                    0,
                    0,
                ),
                italic_r: (
                    0,
                    0,
                ),
                underline_r: (
                    0,
                    0,
                ),
                hide_r: (
                    0,
                    4,
                ),
                strike_r: (
                    0,
                    0,
                ),
            },
            Node {
                bg_color: Default,
                color: Default,
                bold: false,
                blink: false,
                text: "b",
                dim: false,
                italic: false,
                underline: false,
                hide: true,
                strike: false,
                bg_color_r: (
                    0,
                    0,
                ),
                color_r: (
                    0,
                    0,
                ),
                bold_r: (
                    0,
                    0,
                ),
                blink_r: (
                    0,
                    0,
                ),
                text_r: (
                    28,
                    29,
                ),
                dim_r: (
                    0,
                    0,
                ),
                italic_r: (
                    0,
                    0,
                ),
                underline_r: (
                    0,
                    0,
                ),
                hide_r: (
                    0,
                    4,
                ),
                strike_r: (
                    0,
                    0,
                ),
            },
            Node {
                bg_color: Default,
                color: Default,
                bold: false,
                blink: false,
                text: "o",
                dim: false,
                italic: false,
                underline: false,
                hide: true,
                strike: false,
                bg_color_r: (
                    0,
                    0,
                ),
                color_r: (
                    0,
                    0,
                ),
                bold_r: (
                    0,
                    0,
                ),
                blink_r: (
                    0,
                    0,
                ),
                text_r: (
                    29,
                    30,
                ),
                dim_r: (
                    0,
                    0,
                ),
                italic_r: (
                    0,
                    0,
                ),
                underline_r: (
                    0,
                    0,
                ),
                hide_r: (
                    0,
                    4,
                ),
                strike_r: (
                    0,
                    0,
                ),
            },
            Node {
                bg_color: Default,
                color: Default,
                bold: false,
                blink: false,
                text: "u",
                dim: false,
                italic: false,
                underline: false,
                hide: true,
                strike: false,
                bg_color_r: (
                    0,
                    0,
                ),
                color_r: (
                    0,
                    0,
                ),
                bold_r: (
                    0,
                    0,
                ),
                blink_r: (
                    0,
                    0,
                ),
                text_r: (
                    30,
                    31,
                ),
                dim_r: (
                    0,
                    0,
                ),
                italic_r: (
                    0,
                    0,
                ),
                underline_r: (
                    0,
                    0,
                ),
                hide_r: (
                    0,
                    4,
                ),
                strike_r: (
                    0,
                    0,
                ),
            },
            Node {
                bg_color: Default,
                color: Default,
                bold: false,
                blink: false,
                text: "t",
                dim: false,
                italic: false,
                underline: false,
                hide: true,
                strike: false,
                bg_color_r: (
                    0,
                    0,
                ),
                color_r: (
                    0,
                    0,
                ),
                bold_r: (
                    0,
                    0,
                ),
                blink_r: (
                    0,
                    0,
                ),
                text_r: (
                    31,
                    32,
                ),
                dim_r: (
                    0,
                    0,
                ),
                italic_r: (
                    0,
                    0,
                ),
                underline_r: (
                    0,
                    0,
                ),
                hide_r: (
                    0,
                    4,
                ),
                strike_r: (
                    0,
                    0,
                ),
            },
            Node {
                bg_color: Default,
                color: Default,
                bold: false,
                blink: false,
                text: "_",
                dim: false,
                italic: false,
                underline: false,
                hide: true,
                strike: false,
                bg_color_r: (
                    0,
                    0,
                ),
                color_r: (
                    0,
                    0,
                ),
                bold_r: (
                    0,
                    0,
                ),
                blink_r: (
                    0,
                    0,
                ),
                text_r: (
                    32,
                    33,
                ),
                dim_r: (
                    0,
                    0,
                ),
                italic_r: (
                    0,
                    0,
                ),
                underline_r: (
                    0,
                    0,
                ),
                hide_r: (
                    0,
                    4,
                ),
                strike_r: (
                    0,
                    0,
                ),
            },
            Node {
                bg_color: Default,
                color: Default,
                bold: false,
                blink: false,
                text: "m",
                dim: false,
                italic: false,
                underline: false,
                hide: true,
                strike: false,
                bg_color_r: (
                    0,
                    0,
                ),
                color_r: (
                    0,
                    0,
                ),
                bold_r: (
                    0,
                    0,
                ),
                blink_r: (
                    0,
                    0,
                ),
                text_r: (
                    33,
                    34,
                ),
                dim_r: (
                    0,
                    0,
                ),
                italic_r: (
                    0,
                    0,
                ),
                underline_r: (
                    0,
                    0,
                ),
                hide_r: (
                    0,
                    4,
                ),
                strike_r: (
                    0,
                    0,
                ),
            },
            Node {
                bg_color: Default,
                color: Default,
                bold: false,
                blink: false,
                text: "e",
                dim: false,
                italic: false,
                underline: false,
                hide: true,
                strike: false,
                bg_color_r: (
                    0,
                    0,
                ),
                color_r: (
                    0,
                    0,
                ),
                bold_r: (
                    0,
                    0,
                ),
                blink_r: (
                    0,
                    0,
                ),
                text_r: (
                    34,
                    35,
                ),
                dim_r: (
                    0,
                    0,
                ),
                italic_r: (
                    0,
                    0,
                ),
                underline_r: (
                    0,
                    0,
                ),
                hide_r: (
                    0,
                    4,
                ),
                strike_r: (
                    0,
                    0,
                ),
            },
        ],
    ],
    w: 32,
    h: 1,
}
