---
source: ansi2/src/lib.rs
expression: canvas
---
Canvas {
    pixels: [
        [
            Node {
                bg_color: Default,
                color: Default,
                bold: false,
                blink: false,
                text: "t",
                dim: false,
                italic: false,
                underline: true,
                hide: false,
                strike: false,
                bg_color_r: (
                    0,
                    0,
                ),
                color_r: (
                    0,
                    0,
                ),
                bold_r: (
                    0,
                    0,
                ),
                blink_r: (
                    0,
                    0,
                ),
                text_r: (
                    0,
                    44,
                ),
                dim_r: (
                    0,
                    0,
                ),
                italic_r: (
                    0,
                    0,
                ),
                underline_r: (
                    0,
                    0,
                ),
                hide_r: (
                    0,
                    0,
                ),
                strike_r: (
                    0,
                    0,
                ),
            },
            Node {
                bg_color: Default,
                color: Default,
                bold: false,
                blink: false,
                text: "w",
                dim: false,
                italic: false,
                underline: true,
                hide: false,
                strike: false,
                bg_color_r: (
                    0,
                    0,
                ),
                color_r: (
                    0,
                    0,
                ),
                bold_r: (
                    0,
                    0,
                ),
                blink_r: (
                    0,
                    0,
                ),
                text_r: (
                    1,
                    45,
                ),
                dim_r: (
                    0,
                    0,
                ),
                italic_r: (
                    0,
                    0,
                ),
                underline_r: (
                    0,
                    0,
                ),
                hide_r: (
                    0,
                    0,
                ),
                strike_r: (
                    0,
                    0,
                ),
            },
            Node {
                bg_color: Default,
                color: Default,
                bold: false,
                blink: false,
                text: "i",
                dim: false,
                italic: false,
                underline: true,
                hide: false,
                strike: false,
                bg_color_r: (
                    0,
                    0,
                ),
                color_r: (
                    0,
                    0,
                ),
                bold_r: (
                    0,
                    0,
                ),
                blink_r: (
                    0,
                    0,
                ),
                text_r: (
                    2,
                    46,
                ),
                dim_r: (
                    0,
                    0,
                ),
                italic_r: (
                    0,
                    0,
                ),
                underline_r: (
                    0,
                    0,
                ),
                hide_r: (
                    0,
                    0,
                ),
                strike_r: (
                    0,
                    0,
                ),
            },
            Node {
                bg_color: Default,
                color: Default,
                bold: false,
                blink: false,
                text: "c",
                dim: false,
                italic: false,
                underline: true,
                hide: false,
                strike: false,
                bg_color_r: (
                    0,
                    0,
                ),
                color_r: (
                    0,
                    0,
                ),
                bold_r: (
                    0,
                    0,
                ),
                blink_r: (
                    0,
                    0,
                ),
                text_r: (
                    3,
                    47,
                ),
                dim_r: (
                    0,
                    0,
                ),
                italic_r: (
                    0,
                    0,
                ),
                underline_r: (
                    0,
                    0,
                ),
                hide_r: (
                    0,
                    0,
                ),
                strike_r: (
                    0,
                    0,
                ),
            },
            Node {
                bg_color: Default,
                color: Default,
                bold: false,
                blink: false,
                text: "e",
                dim: false,
                italic: false,
                underline: true,
                hide: false,
                strike: false,
                bg_color_r: (
                    0,
                    0,
                ),
                color_r: (
                    0,
                    0,
                ),
                bold_r: (
                    0,
                    0,
                ),
                blink_r: (
                    0,
                    0,
                ),
                text_r: (
                    4,
                    48,
                ),
                dim_r: (
                    0,
                    0,
                ),
                italic_r: (
                    0,
                    0,
                ),
                underline_r: (
                    0,
                    0,
                ),
                hide_r: (
                    0,
                    0,
                ),
                strike_r: (
                    0,
                    0,
                ),
            },
        ],
    ],
    w: 6,
    h: 1,
}
