---
source: ansi2/src/lib.rs
expression: r
---
(
    "",
    [
        Token {
            sgr: CursorHide,
            range: (
                0,
                4,
            ),
        },
        Token {
            sgr: Char(
                'h',
            ),
            range: (
                4,
                5,
            ),
        },
        Token {
            sgr: Char(
                't',
            ),
            range: (
                5,
                6,
            ),
        },
        Token {
            sgr: Char(
                't',
            ),
            range: (
                6,
                7,
            ),
        },
        Token {
            sgr: Char(
                'p',
            ),
            range: (
                7,
                8,
            ),
        },
        Token {
            sgr: Char(
                ':',
            ),
            range: (
                8,
                9,
            ),
        },
        Token {
            sgr: Char(
                '/',
            ),
            range: (
                9,
                10,
            ),
        },
        Token {
            sgr: Char(
                '/',
            ),
            range: (
                10,
                11,
            ),
        },
        Token {
            sgr: Char(
                'e',
            ),
            range: (
                11,
                12,
            ),
        },
        Token {
            sgr: Char(
                'x',
            ),
            range: (
                12,
                13,
            ),
        },
        Token {
            sgr: Char(
                'a',
            ),
            range: (
                13,
                14,
            ),
        },
        Token {
            sgr: Char(
                'm',
            ),
            range: (
                14,
                15,
            ),
        },
        Token {
            sgr: Char(
                'p',
            ),
            range: (
                15,
                16,
            ),
        },
        Token {
            sgr: Char(
                'l',
            ),
            range: (
                16,
                17,
            ),
        },
        Token {
            sgr: Char(
                'e',
            ),
            range: (
                17,
                18,
            ),
        },
        Token {
            sgr: Char(
                '.',
            ),
            range: (
                18,
                19,
            ),
        },
        Token {
            sgr: Char(
                'c',
            ),
            range: (
                19,
                20,
            ),
        },
        Token {
            sgr: Char(
                'o',
            ),
            range: (
                20,
                21,
            ),
        },
        Token {
            sgr: Char(
                'm',
            ),
            range: (
                21,
                22,
            ),
        },
        Token {
            sgr: Char(
                '/',
            ),
            range: (
                22,
                23,
            ),
        },
        Token {
            sgr: Char(
                'h',
            ),
            range: (
                23,
                24,
            ),
        },
        Token {
            sgr: Char(
                'o',
            ),
            range: (
                24,
                25,
            ),
        },
        Token {
            sgr: Char(
                'w',
            ),
            range: (
                25,
                26,
            ),
        },
        Token {
            sgr: Char(
                '_',
            ),
            range: (
                26,
                27,
            ),
        },
        Token {
            sgr: Char(
                'a',
            ),
            range: (
                27,
                28,
            ),
        },
        Token {
            sgr: Char(
                'b',
            ),
            range: (
                28,
                29,
            ),
        },
        Token {
            sgr: Char(
                'o',
            ),
            range: (
                29,
                30,
            ),
        },
        Token {
            sgr: Char(
                'u',
            ),
            range: (
                30,
                31,
            ),
        },
        Token {
            sgr: Char(
                't',
            ),
            range: (
                31,
                32,
            ),
        },
        Token {
            sgr: Char(
                '_',
            ),
            range: (
                32,
                33,
            ),
        },
        Token {
            sgr: Char(
                'm',
            ),
            range: (
                33,
                34,
            ),
        },
        Token {
            sgr: Char(
                'e',
            ),
            range: (
                34,
                35,
            ),
        },
        Token {
            sgr: ColorReset,
            range: (
                35,
                38,
            ),
        },
    ],
)
