---
source: ansi2/src/lib.rs
expression: canvas
---
Canvas {
    pixels: [
        [
            Node {
                bg_color: Default,
                color: Default,
                bold: false,
                blink: false,
                text: "a",
                dim: false,
                italic: false,
                underline: false,
                hide: false,
            },
            Node {
                bg_color: Default,
                color: Default,
                bold: false,
                blink: false,
                text: "a",
                dim: false,
                italic: false,
                underline: false,
                hide: false,
            },
            Node {
                bg_color: Default,
                color: Default,
                bold: false,
                blink: false,
                text: "a",
                dim: false,
                italic: false,
                underline: false,
                hide: false,
            },
            Node {
                bg_color: Default,
                color: Default,
                bold: true,
                blink: false,
                text: "b",
                dim: false,
                italic: false,
                underline: false,
                hide: false,
            },
            Node {
                bg_color: Default,
                color: Default,
                bold: true,
                blink: false,
                text: "o",
                dim: false,
                italic: false,
                underline: false,
                hide: false,
            },
            Node {
                bg_color: Default,
                color: Default,
                bold: true,
                blink: false,
                text: "l",
                dim: false,
                italic: false,
                underline: false,
                hide: false,
            },
            Node {
                bg_color: Default,
                color: Default,
                bold: true,
                blink: false,
                text: "d",
                dim: false,
                italic: false,
                underline: false,
                hide: false,
            },
            Node {
                bg_color: Default,
                color: Default,
                bold: false,
                blink: false,
                text: " ",
                dim: false,
                italic: false,
                underline: false,
                hide: false,
            },
            Node {
                bg_color: Default,
                color: Default,
                bold: false,
                blink: false,
                text: "d",
                dim: true,
                italic: false,
                underline: false,
                hide: false,
            },
            Node {
                bg_color: Default,
                color: Default,
                bold: false,
                blink: false,
                text: "i",
                dim: true,
                italic: false,
                underline: false,
                hide: false,
            },
            Node {
                bg_color: Default,
                color: Default,
                bold: false,
                blink: false,
                text: "m",
                dim: true,
                italic: false,
                underline: false,
                hide: false,
            },
            Node {
                bg_color: Default,
                color: Default,
                bold: false,
                blink: false,
                text: " ",
                dim: false,
                italic: false,
                underline: false,
                hide: false,
            },
            Node {
                bg_color: Default,
                color: Default,
                bold: false,
                blink: false,
                text: "i",
                dim: false,
                italic: true,
                underline: false,
                hide: false,
            },
            Node {
                bg_color: Default,
                color: Default,
                bold: false,
                blink: false,
                text: "t",
                dim: false,
                italic: true,
                underline: false,
                hide: false,
            },
            Node {
                bg_color: Default,
                color: Default,
                bold: false,
                blink: false,
                text: "a",
                dim: false,
                italic: true,
                underline: false,
                hide: false,
            },
            Node {
                bg_color: Default,
                color: Default,
                bold: false,
                blink: false,
                text: "l",
                dim: false,
                italic: true,
                underline: false,
                hide: false,
            },
            Node {
                bg_color: Default,
                color: Default,
                bold: false,
                blink: false,
                text: "i",
                dim: false,
                italic: true,
                underline: false,
                hide: false,
            },
            Node {
                bg_color: Default,
                color: Default,
                bold: false,
                blink: false,
                text: "c",
                dim: false,
                italic: true,
                underline: false,
                hide: false,
            },
            Node {
                bg_color: Default,
                color: Default,
                bold: false,
                blink: false,
                text: " ",
                dim: false,
                italic: true,
                underline: false,
                hide: false,
            },
            Node {
                bg_color: Default,
                color: Default,
                bold: false,
                blink: false,
                text: "u",
                dim: false,
                italic: true,
                underline: true,
                hide: false,
            },
            Node {
                bg_color: Default,
                color: Default,
                bold: false,
                blink: false,
                text: "n",
                dim: false,
                italic: true,
                underline: true,
                hide: false,
            },
            Node {
                bg_color: Default,
                color: Default,
                bold: false,
                blink: false,
                text: "d",
                dim: false,
                italic: true,
                underline: true,
                hide: false,
            },
            Node {
                bg_color: Default,
                color: Default,
                bold: false,
                blink: false,
                text: "e",
                dim: false,
                italic: true,
                underline: true,
                hide: false,
            },
            Node {
                bg_color: Default,
                color: Default,
                bold: false,
                blink: false,
                text: "r",
                dim: false,
                italic: true,
                underline: true,
                hide: false,
            },
            Node {
                bg_color: Default,
                color: Default,
                bold: false,
                blink: false,
                text: "l",
                dim: false,
                italic: true,
                underline: true,
                hide: false,
            },
            Node {
                bg_color: Default,
                color: Default,
                bold: false,
                blink: false,
                text: "i",
                dim: false,
                italic: true,
                underline: true,
                hide: false,
            },
            Node {
                bg_color: Default,
                color: Default,
                bold: false,
                blink: false,
                text: "n",
                dim: false,
                italic: true,
                underline: true,
                hide: false,
            },
            Node {
                bg_color: Default,
                color: Default,
                bold: false,
                blink: false,
                text: "e",
                dim: false,
                italic: true,
                underline: true,
                hide: false,
            },
        ],
    ],
    w: 29,
    h: 1,
}
