---
source: ansi2/src/lib.rs
expression: canvas.minify()
---
[
    [
        Node {
            bg_color: Default,
            color: Default,
            bold: false,
            blink: false,
            text: "target",
            dim: false,
            italic: false,
            underline: true,
            hide: false,
            strike: false,
            bg_color_r: (
                0,
                0,
            ),
            color_r: (
                0,
                0,
            ),
            bold_r: (
                0,
                0,
            ),
            blink_r: (
                0,
                0,
            ),
            text_r: (
                0,
                6,
            ),
            dim_r: (
                0,
                0,
            ),
            italic_r: (
                0,
                0,
            ),
            underline_r: (
                0,
                0,
            ),
            hide_r: (
                0,
                0,
            ),
            strike_r: (
                0,
                0,
            ),
        },
    ],
]
