---
source: ansi2/src/lib.rs
expression: canvas.minify()
---
[
    [
        Node {
            bg_color: Color8(
                Cyan,
            ),
            color: Color8(
                White,
            ),
            bold: true,
            blink: false,
            text: " BENCH ",
            dim: false,
            italic: false,
            underline: false,
            hide: false,
            strike: false,
            bg_color_r: (
                5,
                9,
            ),
            color_r: (
                5,
                9,
            ),
            bold_r: (
                9,
                13,
            ),
            blink_r: (
                0,
                0,
            ),
            text_r: (
                13,
                20,
            ),
            dim_r: (
                0,
                0,
            ),
            italic_r: (
                0,
                0,
            ),
            underline_r: (
                0,
                0,
            ),
            hide_r: (
                0,
                0,
            ),
            strike_r: (
                0,
                0,
            ),
        },
        Node {
            bg_color: Default,
            color: Default,
            bold: false,
            blink: false,
            text: " ",
            dim: false,
            italic: false,
            underline: false,
            hide: false,
            strike: false,
            bg_color_r: (
                25,
                30,
            ),
            color_r: (
                30,
                35,
            ),
            bold_r: (
                20,
                25,
            ),
            blink_r: (
                0,
                0,
            ),
            text_r: (
                35,
                36,
            ),
            dim_r: (
                20,
                25,
            ),
            italic_r: (
                0,
                0,
            ),
            underline_r: (
                0,
                0,
            ),
            hide_r: (
                0,
                0,
            ),
            strike_r: (
                0,
                0,
            ),
        },
        Node {
            bg_color: Default,
            color: Color8(
                Cyan,
            ),
            bold: false,
            blink: false,
            text: "Summary",
            dim: false,
            italic: false,
            underline: false,
            hide: false,
            strike: false,
            bg_color_r: (
                25,
                30,
            ),
            color_r: (
                36,
                41,
            ),
            bold_r: (
                20,
                25,
            ),
            blink_r: (
                0,
                0,
            ),
            text_r: (
                41,
                48,
            ),
            dim_r: (
                20,
                25,
            ),
            italic_r: (
                0,
                0,
            ),
            underline_r: (
                0,
                0,
            ),
            hide_r: (
                0,
                0,
            ),
            strike_r: (
                0,
                0,
            ),
        },
    ],
]
