---
source: ansi2/src/lib.rs
expression: canvas
---
Canvas {
    pixels: [
        [
            Node {
                bg_color: Default,
                color: Default,
                bold: false,
                blink: false,
                char: ']',
                dim: false,
                italic: false,
                underline: false,
                hide: false,
            },
            Node {
                bg_color: Default,
                color: Default,
                bold: false,
                blink: false,
                char: '8',
                dim: false,
                italic: false,
                underline: false,
                hide: false,
            },
            Node {
                bg_color: Default,
                color: Default,
                bold: false,
                blink: false,
                char: ';',
                dim: false,
                italic: false,
                underline: false,
                hide: false,
            },
            Node {
                bg_color: Default,
                color: Default,
                bold: false,
                blink: false,
                char: ';',
                dim: false,
                italic: false,
                underline: false,
                hide: false,
            },
            Node {
                bg_color: Default,
                color: Default,
                bold: false,
                blink: false,
                char: '\\',
                dim: false,
                italic: false,
                underline: false,
                hide: false,
            },
        ],
    ],
    w: 6,
    h: 1,
}
