---
source: ansi2/src/lib.rs
expression: r
---
(
    "",
    [
        Token {
            sgr: Unknown(
                27,
            ),
            range: (
                0,
                1,
            ),
        },
        Token {
            sgr: Char(
                ']',
            ),
            range: (
                1,
                2,
            ),
        },
        Token {
            sgr: Char(
                '8',
            ),
            range: (
                2,
                3,
            ),
        },
        Token {
            sgr: Char(
                ';',
            ),
            range: (
                3,
                4,
            ),
        },
        Token {
            sgr: Char(
                ';',
            ),
            range: (
                4,
                5,
            ),
        },
        Token {
            sgr: Unknown(
                27,
            ),
            range: (
                5,
                6,
            ),
        },
        Token {
            sgr: Char(
                '\\',
            ),
            range: (
                6,
                7,
            ),
        },
    ],
)
