---
source: ansi2/src/lib.rs
expression: r
---
(
    "",
    [
        ColorDefaultForeground,
        List(
            [
                Dim,
                ColorDefaultForeground,
            ],
        ),
        Char(
            'N',
        ),
        Char(
            'U',
        ),
        Char(
            'S',
        ),
        Char(
            'H',
        ),
        Char(
            'E',
        ),
        Char(
            'L',
        ),
        Char(
            'L',
        ),
        Unknown(
            27,
        ),
    ],
)
