---
source: ansi2/src/lib.rs
expression: canvas
---
Canvas {
    pixels: [
        [
            Node {
                bg_color: Default,
                color: Default,
                bold: false,
                blink: false,
                text: "N",
                dim: true,
                italic: false,
                underline: false,
                hide: false,
                strike: false,
                bg_color_r: (
                    0,
                    0,
                ),
                color_r: (
                    0,
                    0,
                ),
                bold_r: (
                    0,
                    0,
                ),
                blink_r: (
                    0,
                    0,
                ),
                text_r: (
                    12,
                    13,
                ),
                dim_r: (
                    0,
                    0,
                ),
                italic_r: (
                    0,
                    0,
                ),
                underline_r: (
                    0,
                    0,
                ),
                hide_r: (
                    0,
                    0,
                ),
                strike_r: (
                    0,
                    0,
                ),
            },
            Node {
                bg_color: Default,
                color: Default,
                bold: false,
                blink: false,
                text: "U",
                dim: true,
                italic: false,
                underline: false,
                hide: false,
                strike: false,
                bg_color_r: (
                    0,
                    0,
                ),
                color_r: (
                    0,
                    0,
                ),
                bold_r: (
                    0,
                    0,
                ),
                blink_r: (
                    0,
                    0,
                ),
                text_r: (
                    13,
                    14,
                ),
                dim_r: (
                    0,
                    0,
                ),
                italic_r: (
                    0,
                    0,
                ),
                underline_r: (
                    0,
                    0,
                ),
                hide_r: (
                    0,
                    0,
                ),
                strike_r: (
                    0,
                    0,
                ),
            },
            Node {
                bg_color: Default,
                color: Default,
                bold: false,
                blink: false,
                text: "S",
                dim: true,
                italic: false,
                underline: false,
                hide: false,
                strike: false,
                bg_color_r: (
                    0,
                    0,
                ),
                color_r: (
                    0,
                    0,
                ),
                bold_r: (
                    0,
                    0,
                ),
                blink_r: (
                    0,
                    0,
                ),
                text_r: (
                    14,
                    15,
                ),
                dim_r: (
                    0,
                    0,
                ),
                italic_r: (
                    0,
                    0,
                ),
                underline_r: (
                    0,
                    0,
                ),
                hide_r: (
                    0,
                    0,
                ),
                strike_r: (
                    0,
                    0,
                ),
            },
            Node {
                bg_color: Default,
                color: Default,
                bold: false,
                blink: false,
                text: "H",
                dim: true,
                italic: false,
                underline: false,
                hide: false,
                strike: false,
                bg_color_r: (
                    0,
                    0,
                ),
                color_r: (
                    0,
                    0,
                ),
                bold_r: (
                    0,
                    0,
                ),
                blink_r: (
                    0,
                    0,
                ),
                text_r: (
                    15,
                    16,
                ),
                dim_r: (
                    0,
                    0,
                ),
                italic_r: (
                    0,
                    0,
                ),
                underline_r: (
                    0,
                    0,
                ),
                hide_r: (
                    0,
                    0,
                ),
                strike_r: (
                    0,
                    0,
                ),
            },
            Node {
                bg_color: Default,
                color: Default,
                bold: false,
                blink: false,
                text: "E",
                dim: true,
                italic: false,
                underline: false,
                hide: false,
                strike: false,
                bg_color_r: (
                    0,
                    0,
                ),
                color_r: (
                    0,
                    0,
                ),
                bold_r: (
                    0,
                    0,
                ),
                blink_r: (
                    0,
                    0,
                ),
                text_r: (
                    16,
                    17,
                ),
                dim_r: (
                    0,
                    0,
                ),
                italic_r: (
                    0,
                    0,
                ),
                underline_r: (
                    0,
                    0,
                ),
                hide_r: (
                    0,
                    0,
                ),
                strike_r: (
                    0,
                    0,
                ),
            },
            Node {
                bg_color: Default,
                color: Default,
                bold: false,
                blink: false,
                text: "L",
                dim: true,
                italic: false,
                underline: false,
                hide: false,
                strike: false,
                bg_color_r: (
                    0,
                    0,
                ),
                color_r: (
                    0,
                    0,
                ),
                bold_r: (
                    0,
                    0,
                ),
                blink_r: (
                    0,
                    0,
                ),
                text_r: (
                    17,
                    18,
                ),
                dim_r: (
                    0,
                    0,
                ),
                italic_r: (
                    0,
                    0,
                ),
                underline_r: (
                    0,
                    0,
                ),
                hide_r: (
                    0,
                    0,
                ),
                strike_r: (
                    0,
                    0,
                ),
            },
            Node {
                bg_color: Default,
                color: Default,
                bold: false,
                blink: false,
                text: "L",
                dim: true,
                italic: false,
                underline: false,
                hide: false,
                strike: false,
                bg_color_r: (
                    0,
                    0,
                ),
                color_r: (
                    0,
                    0,
                ),
                bold_r: (
                    0,
                    0,
                ),
                blink_r: (
                    0,
                    0,
                ),
                text_r: (
                    18,
                    19,
                ),
                dim_r: (
                    0,
                    0,
                ),
                italic_r: (
                    0,
                    0,
                ),
                underline_r: (
                    0,
                    0,
                ),
                hide_r: (
                    0,
                    0,
                ),
                strike_r: (
                    0,
                    0,
                ),
            },
        ],
    ],
    w: 8,
    h: 1,
}
