---
source: ansi2/src/lib.rs
expression: canvas
---
Canvas {
    pixels: [
        [
            Node {
                bg_color: Default,
                color: Default,
                bold: false,
                blink: false,
                text: "]",
                dim: false,
                italic: false,
                underline: false,
                hide: false,
                strike: false,
                bg_color_r: (
                    0,
                    0,
                ),
                color_r: (
                    0,
                    0,
                ),
                bold_r: (
                    0,
                    0,
                ),
                blink_r: (
                    0,
                    0,
                ),
                text_r: (
                    1,
                    2,
                ),
                dim_r: (
                    0,
                    0,
                ),
                italic_r: (
                    0,
                    0,
                ),
                underline_r: (
                    0,
                    0,
                ),
                hide_r: (
                    0,
                    0,
                ),
                strike_r: (
                    0,
                    0,
                ),
            },
            Node {
                bg_color: Default,
                color: Default,
                bold: false,
                blink: false,
                text: "8",
                dim: false,
                italic: false,
                underline: false,
                hide: false,
                strike: false,
                bg_color_r: (
                    0,
                    0,
                ),
                color_r: (
                    0,
                    0,
                ),
                bold_r: (
                    0,
                    0,
                ),
                blink_r: (
                    0,
                    0,
                ),
                text_r: (
                    2,
                    3,
                ),
                dim_r: (
                    0,
                    0,
                ),
                italic_r: (
                    0,
                    0,
                ),
                underline_r: (
                    0,
                    0,
                ),
                hide_r: (
                    0,
                    0,
                ),
                strike_r: (
                    0,
                    0,
                ),
            },
            Node {
                bg_color: Default,
                color: Default,
                bold: false,
                blink: false,
                text: ";",
                dim: false,
                italic: false,
                underline: false,
                hide: false,
                strike: false,
                bg_color_r: (
                    0,
                    0,
                ),
                color_r: (
                    0,
                    0,
                ),
                bold_r: (
                    0,
                    0,
                ),
                blink_r: (
                    0,
                    0,
                ),
                text_r: (
                    3,
                    4,
                ),
                dim_r: (
                    0,
                    0,
                ),
                italic_r: (
                    0,
                    0,
                ),
                underline_r: (
                    0,
                    0,
                ),
                hide_r: (
                    0,
                    0,
                ),
                strike_r: (
                    0,
                    0,
                ),
            },
            Node {
                bg_color: Default,
                color: Default,
                bold: false,
                blink: false,
                text: ";",
                dim: false,
                italic: false,
                underline: false,
                hide: false,
                strike: false,
                bg_color_r: (
                    0,
                    0,
                ),
                color_r: (
                    0,
                    0,
                ),
                bold_r: (
                    0,
                    0,
                ),
                blink_r: (
                    0,
                    0,
                ),
                text_r: (
                    4,
                    5,
                ),
                dim_r: (
                    0,
                    0,
                ),
                italic_r: (
                    0,
                    0,
                ),
                underline_r: (
                    0,
                    0,
                ),
                hide_r: (
                    0,
                    0,
                ),
                strike_r: (
                    0,
                    0,
                ),
            },
            Node {
                bg_color: Default,
                color: Default,
                bold: false,
                blink: false,
                text: "f",
                dim: false,
                italic: false,
                underline: false,
                hide: false,
                strike: false,
                bg_color_r: (
                    0,
                    0,
                ),
                color_r: (
                    0,
                    0,
                ),
                bold_r: (
                    0,
                    0,
                ),
                blink_r: (
                    0,
                    0,
                ),
                text_r: (
                    5,
                    6,
                ),
                dim_r: (
                    0,
                    0,
                ),
                italic_r: (
                    0,
                    0,
                ),
                underline_r: (
                    0,
                    0,
                ),
                hide_r: (
                    0,
                    0,
                ),
                strike_r: (
                    0,
                    0,
                ),
            },
            Node {
                bg_color: Default,
                color: Default,
                bold: false,
                blink: false,
                text: "i",
                dim: false,
                italic: false,
                underline: false,
                hide: false,
                strike: false,
                bg_color_r: (
                    0,
                    0,
                ),
                color_r: (
                    0,
                    0,
                ),
                bold_r: (
                    0,
                    0,
                ),
                blink_r: (
                    0,
                    0,
                ),
                text_r: (
                    6,
                    7,
                ),
                dim_r: (
                    0,
                    0,
                ),
                italic_r: (
                    0,
                    0,
                ),
                underline_r: (
                    0,
                    0,
                ),
                hide_r: (
                    0,
                    0,
                ),
                strike_r: (
                    0,
                    0,
                ),
            },
            Node {
                bg_color: Default,
                color: Default,
                bold: false,
                blink: false,
                text: "l",
                dim: false,
                italic: false,
                underline: false,
                hide: false,
                strike: false,
                bg_color_r: (
                    0,
                    0,
                ),
                color_r: (
                    0,
                    0,
                ),
                bold_r: (
                    0,
                    0,
                ),
                blink_r: (
                    0,
                    0,
                ),
                text_r: (
                    7,
                    8,
                ),
                dim_r: (
                    0,
                    0,
                ),
                italic_r: (
                    0,
                    0,
                ),
                underline_r: (
                    0,
                    0,
                ),
                hide_r: (
                    0,
                    0,
                ),
                strike_r: (
                    0,
                    0,
                ),
            },
            Node {
                bg_color: Default,
                color: Default,
                bold: false,
                blink: false,
                text: "e",
                dim: false,
                italic: false,
                underline: false,
                hide: false,
                strike: false,
                bg_color_r: (
                    0,
                    0,
                ),
                color_r: (
                    0,
                    0,
                ),
                bold_r: (
                    0,
                    0,
                ),
                blink_r: (
                    0,
                    0,
                ),
                text_r: (
                    8,
                    9,
                ),
                dim_r: (
                    0,
                    0,
                ),
                italic_r: (
                    0,
                    0,
                ),
                underline_r: (
                    0,
                    0,
                ),
                hide_r: (
                    0,
                    0,
                ),
                strike_r: (
                    0,
                    0,
                ),
            },
            Node {
                bg_color: Default,
                color: Default,
                bold: false,
                blink: false,
                text: ":",
                dim: false,
                italic: false,
                underline: false,
                hide: false,
                strike: false,
                bg_color_r: (
                    0,
                    0,
                ),
                color_r: (
                    0,
                    0,
                ),
                bold_r: (
                    0,
                    0,
                ),
                blink_r: (
                    0,
                    0,
                ),
                text_r: (
                    9,
                    10,
                ),
                dim_r: (
                    0,
                    0,
                ),
                italic_r: (
                    0,
                    0,
                ),
                underline_r: (
                    0,
                    0,
                ),
                hide_r: (
                    0,
                    0,
                ),
                strike_r: (
                    0,
                    0,
                ),
            },
            Node {
                bg_color: Default,
                color: Default,
                bold: false,
                blink: false,
                text: "/",
                dim: false,
                italic: false,
                underline: false,
                hide: false,
                strike: false,
                bg_color_r: (
                    0,
                    0,
                ),
                color_r: (
                    0,
                    0,
                ),
                bold_r: (
                    0,
                    0,
                ),
                blink_r: (
                    0,
                    0,
                ),
                text_r: (
                    10,
                    11,
                ),
                dim_r: (
                    0,
                    0,
                ),
                italic_r: (
                    0,
                    0,
                ),
                underline_r: (
                    0,
                    0,
                ),
                hide_r: (
                    0,
                    0,
                ),
                strike_r: (
                    0,
                    0,
                ),
            },
            Node {
                bg_color: Default,
                color: Default,
                bold: false,
                blink: false,
                text: "/",
                dim: false,
                italic: false,
                underline: false,
                hide: false,
                strike: false,
                bg_color_r: (
                    0,
                    0,
                ),
                color_r: (
                    0,
                    0,
                ),
                bold_r: (
                    0,
                    0,
                ),
                blink_r: (
                    0,
                    0,
                ),
                text_r: (
                    11,
                    12,
                ),
                dim_r: (
                    0,
                    0,
                ),
                italic_r: (
                    0,
                    0,
                ),
                underline_r: (
                    0,
                    0,
                ),
                hide_r: (
                    0,
                    0,
                ),
                strike_r: (
                    0,
                    0,
                ),
            },
            Node {
                bg_color: Default,
                color: Default,
                bold: false,
                blink: false,
                text: "/",
                dim: false,
                italic: false,
                underline: false,
                hide: false,
                strike: false,
                bg_color_r: (
                    0,
                    0,
                ),
                color_r: (
                    0,
                    0,
                ),
                bold_r: (
                    0,
                    0,
                ),
                blink_r: (
                    0,
                    0,
                ),
                text_r: (
                    12,
                    13,
                ),
                dim_r: (
                    0,
                    0,
                ),
                italic_r: (
                    0,
                    0,
                ),
                underline_r: (
                    0,
                    0,
                ),
                hide_r: (
                    0,
                    0,
                ),
                strike_r: (
                    0,
                    0,
                ),
            },
            Node {
                bg_color: Default,
                color: Default,
                bold: false,
                blink: false,
                text: "U",
                dim: false,
                italic: false,
                underline: false,
                hide: false,
                strike: false,
                bg_color_r: (
                    0,
                    0,
                ),
                color_r: (
                    0,
                    0,
                ),
                bold_r: (
                    0,
                    0,
                ),
                blink_r: (
                    0,
                    0,
                ),
                text_r: (
                    13,
                    14,
                ),
                dim_r: (
                    0,
                    0,
                ),
                italic_r: (
                    0,
                    0,
                ),
                underline_r: (
                    0,
                    0,
                ),
                hide_r: (
                    0,
                    0,
                ),
                strike_r: (
                    0,
                    0,
                ),
            },
            Node {
                bg_color: Default,
                color: Default,
                bold: false,
                blink: false,
                text: "s",
                dim: false,
                italic: false,
                underline: false,
                hide: false,
                strike: false,
                bg_color_r: (
                    0,
                    0,
                ),
                color_r: (
                    0,
                    0,
                ),
                bold_r: (
                    0,
                    0,
                ),
                blink_r: (
                    0,
                    0,
                ),
                text_r: (
                    14,
                    15,
                ),
                dim_r: (
                    0,
                    0,
                ),
                italic_r: (
                    0,
                    0,
                ),
                underline_r: (
                    0,
                    0,
                ),
                hide_r: (
                    0,
                    0,
                ),
                strike_r: (
                    0,
                    0,
                ),
            },
            Node {
                bg_color: Default,
                color: Default,
                bold: false,
                blink: false,
                text: "e",
                dim: false,
                italic: false,
                underline: false,
                hide: false,
                strike: false,
                bg_color_r: (
                    0,
                    0,
                ),
                color_r: (
                    0,
                    0,
                ),
                bold_r: (
                    0,
                    0,
                ),
                blink_r: (
                    0,
                    0,
                ),
                text_r: (
                    15,
                    16,
                ),
                dim_r: (
                    0,
                    0,
                ),
                italic_r: (
                    0,
                    0,
                ),
                underline_r: (
                    0,
                    0,
                ),
                hide_r: (
                    0,
                    0,
                ),
                strike_r: (
                    0,
                    0,
                ),
            },
            Node {
                bg_color: Default,
                color: Default,
                bold: false,
                blink: false,
                text: "r",
                dim: false,
                italic: false,
                underline: false,
                hide: false,
                strike: false,
                bg_color_r: (
                    0,
                    0,
                ),
                color_r: (
                    0,
                    0,
                ),
                bold_r: (
                    0,
                    0,
                ),
                blink_r: (
                    0,
                    0,
                ),
                text_r: (
                    16,
                    17,
                ),
                dim_r: (
                    0,
                    0,
                ),
                italic_r: (
                    0,
                    0,
                ),
                underline_r: (
                    0,
                    0,
                ),
                hide_r: (
                    0,
                    0,
                ),
                strike_r: (
                    0,
                    0,
                ),
            },
            Node {
                bg_color: Default,
                color: Default,
                bold: false,
                blink: false,
                text: "s",
                dim: false,
                italic: false,
                underline: false,
                hide: false,
                strike: false,
                bg_color_r: (
                    0,
                    0,
                ),
                color_r: (
                    0,
                    0,
                ),
                bold_r: (
                    0,
                    0,
                ),
                blink_r: (
                    0,
                    0,
                ),
                text_r: (
                    17,
                    18,
                ),
                dim_r: (
                    0,
                    0,
                ),
                italic_r: (
                    0,
                    0,
                ),
                underline_r: (
                    0,
                    0,
                ),
                hide_r: (
                    0,
                    0,
                ),
                strike_r: (
                    0,
                    0,
                ),
            },
            Node {
                bg_color: Default,
                color: Default,
                bold: false,
                blink: false,
                text: "/",
                dim: false,
                italic: false,
                underline: false,
                hide: false,
                strike: false,
                bg_color_r: (
                    0,
                    0,
                ),
                color_r: (
                    0,
                    0,
                ),
                bold_r: (
                    0,
                    0,
                ),
                blink_r: (
                    0,
                    0,
                ),
                text_r: (
                    18,
                    19,
                ),
                dim_r: (
                    0,
                    0,
                ),
                italic_r: (
                    0,
                    0,
                ),
                underline_r: (
                    0,
                    0,
                ),
                hide_r: (
                    0,
                    0,
                ),
                strike_r: (
                    0,
                    0,
                ),
            },
            Node {
                bg_color: Default,
                color: Default,
                bold: false,
                blink: false,
                text: "x",
                dim: false,
                italic: false,
                underline: false,
                hide: false,
                strike: false,
                bg_color_r: (
                    0,
                    0,
                ),
                color_r: (
                    0,
                    0,
                ),
                bold_r: (
                    0,
                    0,
                ),
                blink_r: (
                    0,
                    0,
                ),
                text_r: (
                    19,
                    20,
                ),
                dim_r: (
                    0,
                    0,
                ),
                italic_r: (
                    0,
                    0,
                ),
                underline_r: (
                    0,
                    0,
                ),
                hide_r: (
                    0,
                    0,
                ),
                strike_r: (
                    0,
                    0,
                ),
            },
            Node {
                bg_color: Default,
                color: Default,
                bold: false,
                blink: false,
                text: "x",
                dim: false,
                italic: false,
                underline: false,
                hide: false,
                strike: false,
                bg_color_r: (
                    0,
                    0,
                ),
                color_r: (
                    0,
                    0,
                ),
                bold_r: (
                    0,
                    0,
                ),
                blink_r: (
                    0,
                    0,
                ),
                text_r: (
                    20,
                    21,
                ),
                dim_r: (
                    0,
                    0,
                ),
                italic_r: (
                    0,
                    0,
                ),
                underline_r: (
                    0,
                    0,
                ),
                hide_r: (
                    0,
                    0,
                ),
                strike_r: (
                    0,
                    0,
                ),
            },
            Node {
                bg_color: Default,
                color: Default,
                bold: false,
                blink: false,
                text: "x",
                dim: false,
                italic: false,
                underline: false,
                hide: false,
                strike: false,
                bg_color_r: (
                    0,
                    0,
                ),
                color_r: (
                    0,
                    0,
                ),
                bold_r: (
                    0,
                    0,
                ),
                blink_r: (
                    0,
                    0,
                ),
                text_r: (
                    21,
                    22,
                ),
                dim_r: (
                    0,
                    0,
                ),
                italic_r: (
                    0,
                    0,
                ),
                underline_r: (
                    0,
                    0,
                ),
                hide_r: (
                    0,
                    0,
                ),
                strike_r: (
                    0,
                    0,
                ),
            },
            Node {
                bg_color: Default,
                color: Default,
                bold: false,
                blink: false,
                text: "/",
                dim: false,
                italic: false,
                underline: false,
                hide: false,
                strike: false,
                bg_color_r: (
                    0,
                    0,
                ),
                color_r: (
                    0,
                    0,
                ),
                bold_r: (
                    0,
                    0,
                ),
                blink_r: (
                    0,
                    0,
                ),
                text_r: (
                    22,
                    23,
                ),
                dim_r: (
                    0,
                    0,
                ),
                italic_r: (
                    0,
                    0,
                ),
                underline_r: (
                    0,
                    0,
                ),
                hide_r: (
                    0,
                    0,
                ),
                strike_r: (
                    0,
                    0,
                ),
            },
            Node {
                bg_color: Default,
                color: Default,
                bold: false,
                blink: false,
                text: "s",
                dim: false,
                italic: false,
                underline: false,
                hide: false,
                strike: false,
                bg_color_r: (
                    0,
                    0,
                ),
                color_r: (
                    0,
                    0,
                ),
                bold_r: (
                    0,
                    0,
                ),
                blink_r: (
                    0,
                    0,
                ),
                text_r: (
                    23,
                    24,
                ),
                dim_r: (
                    0,
                    0,
                ),
                italic_r: (
                    0,
                    0,
                ),
                underline_r: (
                    0,
                    0,
                ),
                hide_r: (
                    0,
                    0,
                ),
                strike_r: (
                    0,
                    0,
                ),
            },
            Node {
                bg_color: Default,
                color: Default,
                bold: false,
                blink: false,
                text: "r",
                dim: false,
                italic: false,
                underline: false,
                hide: false,
                strike: false,
                bg_color_r: (
                    0,
                    0,
                ),
                color_r: (
                    0,
                    0,
                ),
                bold_r: (
                    0,
                    0,
                ),
                blink_r: (
                    0,
                    0,
                ),
                text_r: (
                    24,
                    25,
                ),
                dim_r: (
                    0,
                    0,
                ),
                italic_r: (
                    0,
                    0,
                ),
                underline_r: (
                    0,
                    0,
                ),
                hide_r: (
                    0,
                    0,
                ),
                strike_r: (
                    0,
                    0,
                ),
            },
            Node {
                bg_color: Default,
                color: Default,
                bold: false,
                blink: false,
                text: "c",
                dim: false,
                italic: false,
                underline: false,
                hide: false,
                strike: false,
                bg_color_r: (
                    0,
                    0,
                ),
                color_r: (
                    0,
                    0,
                ),
                bold_r: (
                    0,
                    0,
                ),
                blink_r: (
                    0,
                    0,
                ),
                text_r: (
                    25,
                    26,
                ),
                dim_r: (
                    0,
                    0,
                ),
                italic_r: (
                    0,
                    0,
                ),
                underline_r: (
                    0,
                    0,
                ),
                hide_r: (
                    0,
                    0,
                ),
                strike_r: (
                    0,
                    0,
                ),
            },
            Node {
                bg_color: Default,
                color: Default,
                bold: false,
                blink: false,
                text: "/",
                dim: false,
                italic: false,
                underline: false,
                hide: false,
                strike: false,
                bg_color_r: (
                    0,
                    0,
                ),
                color_r: (
                    0,
                    0,
                ),
                bold_r: (
                    0,
                    0,
                ),
                blink_r: (
                    0,
                    0,
                ),
                text_r: (
                    26,
                    27,
                ),
                dim_r: (
                    0,
                    0,
                ),
                italic_r: (
                    0,
                    0,
                ),
                underline_r: (
                    0,
                    0,
                ),
                hide_r: (
                    0,
                    0,
                ),
                strike_r: (
                    0,
                    0,
                ),
            },
            Node {
                bg_color: Default,
                color: Default,
                bold: false,
                blink: false,
                text: "n",
                dim: false,
                italic: false,
                underline: false,
                hide: false,
                strike: false,
                bg_color_r: (
                    0,
                    0,
                ),
                color_r: (
                    0,
                    0,
                ),
                bold_r: (
                    0,
                    0,
                ),
                blink_r: (
                    0,
                    0,
                ),
                text_r: (
                    27,
                    28,
                ),
                dim_r: (
                    0,
                    0,
                ),
                italic_r: (
                    0,
                    0,
                ),
                underline_r: (
                    0,
                    0,
                ),
                hide_r: (
                    0,
                    0,
                ),
                strike_r: (
                    0,
                    0,
                ),
            },
            Node {
                bg_color: Default,
                color: Default,
                bold: false,
                blink: false,
                text: "e",
                dim: false,
                italic: false,
                underline: false,
                hide: false,
                strike: false,
                bg_color_r: (
                    0,
                    0,
                ),
                color_r: (
                    0,
                    0,
                ),
                bold_r: (
                    0,
                    0,
                ),
                blink_r: (
                    0,
                    0,
                ),
                text_r: (
                    28,
                    29,
                ),
                dim_r: (
                    0,
                    0,
                ),
                italic_r: (
                    0,
                    0,
                ),
                underline_r: (
                    0,
                    0,
                ),
                hide_r: (
                    0,
                    0,
                ),
                strike_r: (
                    0,
                    0,
                ),
            },
            Node {
                bg_color: Default,
                color: Default,
                bold: false,
                blink: false,
                text: "w",
                dim: false,
                italic: false,
                underline: false,
                hide: false,
                strike: false,
                bg_color_r: (
                    0,
                    0,
                ),
                color_r: (
                    0,
                    0,
                ),
                bold_r: (
                    0,
                    0,
                ),
                blink_r: (
                    0,
                    0,
                ),
                text_r: (
                    29,
                    30,
                ),
                dim_r: (
                    0,
                    0,
                ),
                italic_r: (
                    0,
                    0,
                ),
                underline_r: (
                    0,
                    0,
                ),
                hide_r: (
                    0,
                    0,
                ),
                strike_r: (
                    0,
                    0,
                ),
            },
            Node {
                bg_color: Default,
                color: Default,
                bold: false,
                blink: false,
                text: "-",
                dim: false,
                italic: false,
                underline: false,
                hide: false,
                strike: false,
                bg_color_r: (
                    0,
                    0,
                ),
                color_r: (
                    0,
                    0,
                ),
                bold_r: (
                    0,
                    0,
                ),
                blink_r: (
                    0,
                    0,
                ),
                text_r: (
                    30,
                    31,
                ),
                dim_r: (
                    0,
                    0,
                ),
                italic_r: (
                    0,
                    0,
                ),
                underline_r: (
                    0,
                    0,
                ),
                hide_r: (
                    0,
                    0,
                ),
                strike_r: (
                    0,
                    0,
                ),
            },
            Node {
                bg_color: Default,
                color: Default,
                bold: false,
                blink: false,
                text: "n",
                dim: false,
                italic: false,
                underline: false,
                hide: false,
                strike: false,
                bg_color_r: (
                    0,
                    0,
                ),
                color_r: (
                    0,
                    0,
                ),
                bold_r: (
                    0,
                    0,
                ),
                blink_r: (
                    0,
                    0,
                ),
                text_r: (
                    31,
                    32,
                ),
                dim_r: (
                    0,
                    0,
                ),
                italic_r: (
                    0,
                    0,
                ),
                underline_r: (
                    0,
                    0,
                ),
                hide_r: (
                    0,
                    0,
                ),
                strike_r: (
                    0,
                    0,
                ),
            },
            Node {
                bg_color: Default,
                color: Default,
                bold: false,
                blink: false,
                text: "u",
                dim: false,
                italic: false,
                underline: false,
                hide: false,
                strike: false,
                bg_color_r: (
                    0,
                    0,
                ),
                color_r: (
                    0,
                    0,
                ),
                bold_r: (
                    0,
                    0,
                ),
                blink_r: (
                    0,
                    0,
                ),
                text_r: (
                    32,
                    33,
                ),
                dim_r: (
                    0,
                    0,
                ),
                italic_r: (
                    0,
                    0,
                ),
                underline_r: (
                    0,
                    0,
                ),
                hide_r: (
                    0,
                    0,
                ),
                strike_r: (
                    0,
                    0,
                ),
            },
            Node {
                bg_color: Default,
                color: Default,
                bold: false,
                blink: false,
                text: "-",
                dim: false,
                italic: false,
                underline: false,
                hide: false,
                strike: false,
                bg_color_r: (
                    0,
                    0,
                ),
                color_r: (
                    0,
                    0,
                ),
                bold_r: (
                    0,
                    0,
                ),
                blink_r: (
                    0,
                    0,
                ),
                text_r: (
                    33,
                    34,
                ),
                dim_r: (
                    0,
                    0,
                ),
                italic_r: (
                    0,
                    0,
                ),
                underline_r: (
                    0,
                    0,
                ),
                hide_r: (
                    0,
                    0,
                ),
                strike_r: (
                    0,
                    0,
                ),
            },
            Node {
                bg_color: Default,
                color: Default,
                bold: false,
                blink: false,
                text: "p",
                dim: false,
                italic: false,
                underline: false,
                hide: false,
                strike: false,
                bg_color_r: (
                    0,
                    0,
                ),
                color_r: (
                    0,
                    0,
                ),
                bold_r: (
                    0,
                    0,
                ),
                blink_r: (
                    0,
                    0,
                ),
                text_r: (
                    34,
                    35,
                ),
                dim_r: (
                    0,
                    0,
                ),
                italic_r: (
                    0,
                    0,
                ),
                underline_r: (
                    0,
                    0,
                ),
                hide_r: (
                    0,
                    0,
                ),
                strike_r: (
                    0,
                    0,
                ),
            },
            Node {
                bg_color: Default,
                color: Default,
                bold: false,
                blink: false,
                text: "a",
                dim: false,
                italic: false,
                underline: false,
                hide: false,
                strike: false,
                bg_color_r: (
                    0,
                    0,
                ),
                color_r: (
                    0,
                    0,
                ),
                bold_r: (
                    0,
                    0,
                ),
                blink_r: (
                    0,
                    0,
                ),
                text_r: (
                    35,
                    36,
                ),
                dim_r: (
                    0,
                    0,
                ),
                italic_r: (
                    0,
                    0,
                ),
                underline_r: (
                    0,
                    0,
                ),
                hide_r: (
                    0,
                    0,
                ),
                strike_r: (
                    0,
                    0,
                ),
            },
            Node {
                bg_color: Default,
                color: Default,
                bold: false,
                blink: false,
                text: "r",
                dim: false,
                italic: false,
                underline: false,
                hide: false,
                strike: false,
                bg_color_r: (
                    0,
                    0,
                ),
                color_r: (
                    0,
                    0,
                ),
                bold_r: (
                    0,
                    0,
                ),
                blink_r: (
                    0,
                    0,
                ),
                text_r: (
                    36,
                    37,
                ),
                dim_r: (
                    0,
                    0,
                ),
                italic_r: (
                    0,
                    0,
                ),
                underline_r: (
                    0,
                    0,
                ),
                hide_r: (
                    0,
                    0,
                ),
                strike_r: (
                    0,
                    0,
                ),
            },
            Node {
                bg_color: Default,
                color: Default,
                bold: false,
                blink: false,
                text: "s",
                dim: false,
                italic: false,
                underline: false,
                hide: false,
                strike: false,
                bg_color_r: (
                    0,
                    0,
                ),
                color_r: (
                    0,
                    0,
                ),
                bold_r: (
                    0,
                    0,
                ),
                blink_r: (
                    0,
                    0,
                ),
                text_r: (
                    37,
                    38,
                ),
                dim_r: (
                    0,
                    0,
                ),
                italic_r: (
                    0,
                    0,
                ),
                underline_r: (
                    0,
                    0,
                ),
                hide_r: (
                    0,
                    0,
                ),
                strike_r: (
                    0,
                    0,
                ),
            },
            Node {
                bg_color: Default,
                color: Default,
                bold: false,
                blink: false,
                text: "e",
                dim: false,
                italic: false,
                underline: false,
                hide: false,
                strike: false,
                bg_color_r: (
                    0,
                    0,
                ),
                color_r: (
                    0,
                    0,
                ),
                bold_r: (
                    0,
                    0,
                ),
                blink_r: (
                    0,
                    0,
                ),
                text_r: (
                    38,
                    39,
                ),
                dim_r: (
                    0,
                    0,
                ),
                italic_r: (
                    0,
                    0,
                ),
                underline_r: (
                    0,
                    0,
                ),
                hide_r: (
                    0,
                    0,
                ),
                strike_r: (
                    0,
                    0,
                ),
            },
            Node {
                bg_color: Default,
                color: Default,
                bold: false,
                blink: false,
                text: "r",
                dim: false,
                italic: false,
                underline: false,
                hide: false,
                strike: false,
                bg_color_r: (
                    0,
                    0,
                ),
                color_r: (
                    0,
                    0,
                ),
                bold_r: (
                    0,
                    0,
                ),
                blink_r: (
                    0,
                    0,
                ),
                text_r: (
                    39,
                    40,
                ),
                dim_r: (
                    0,
                    0,
                ),
                italic_r: (
                    0,
                    0,
                ),
                underline_r: (
                    0,
                    0,
                ),
                hide_r: (
                    0,
                    0,
                ),
                strike_r: (
                    0,
                    0,
                ),
            },
            Node {
                bg_color: Default,
                color: Default,
                bold: false,
                blink: false,
                text: "/",
                dim: false,
                italic: false,
                underline: false,
                hide: false,
                strike: false,
                bg_color_r: (
                    0,
                    0,
                ),
                color_r: (
                    0,
                    0,
                ),
                bold_r: (
                    0,
                    0,
                ),
                blink_r: (
                    0,
                    0,
                ),
                text_r: (
                    40,
                    41,
                ),
                dim_r: (
                    0,
                    0,
                ),
                italic_r: (
                    0,
                    0,
                ),
                underline_r: (
                    0,
                    0,
                ),
                hide_r: (
                    0,
                    0,
                ),
                strike_r: (
                    0,
                    0,
                ),
            },
            Node {
                bg_color: Default,
                color: Default,
                bold: false,
                blink: false,
                text: "C",
                dim: false,
                italic: false,
                underline: false,
                hide: false,
                strike: false,
                bg_color_r: (
                    0,
                    0,
                ),
                color_r: (
                    0,
                    0,
                ),
                bold_r: (
                    0,
                    0,
                ),
                blink_r: (
                    0,
                    0,
                ),
                text_r: (
                    41,
                    42,
                ),
                dim_r: (
                    0,
                    0,
                ),
                italic_r: (
                    0,
                    0,
                ),
                underline_r: (
                    0,
                    0,
                ),
                hide_r: (
                    0,
                    0,
                ),
                strike_r: (
                    0,
                    0,
                ),
            },
            Node {
                bg_color: Default,
                color: Default,
                bold: false,
                blink: false,
                text: "a",
                dim: false,
                italic: false,
                underline: false,
                hide: false,
                strike: false,
                bg_color_r: (
                    0,
                    0,
                ),
                color_r: (
                    0,
                    0,
                ),
                bold_r: (
                    0,
                    0,
                ),
                blink_r: (
                    0,
                    0,
                ),
                text_r: (
                    42,
                    43,
                ),
                dim_r: (
                    0,
                    0,
                ),
                italic_r: (
                    0,
                    0,
                ),
                underline_r: (
                    0,
                    0,
                ),
                hide_r: (
                    0,
                    0,
                ),
                strike_r: (
                    0,
                    0,
                ),
            },
            Node {
                bg_color: Default,
                color: Default,
                bold: false,
                blink: false,
                text: "r",
                dim: false,
                italic: false,
                underline: false,
                hide: false,
                strike: false,
                bg_color_r: (
                    0,
                    0,
                ),
                color_r: (
                    0,
                    0,
                ),
                bold_r: (
                    0,
                    0,
                ),
                blink_r: (
                    0,
                    0,
                ),
                text_r: (
                    43,
                    44,
                ),
                dim_r: (
                    0,
                    0,
                ),
                italic_r: (
                    0,
                    0,
                ),
                underline_r: (
                    0,
                    0,
                ),
                hide_r: (
                    0,
                    0,
                ),
                strike_r: (
                    0,
                    0,
                ),
            },
            Node {
                bg_color: Default,
                color: Default,
                bold: false,
                blink: false,
                text: "g",
                dim: false,
                italic: false,
                underline: false,
                hide: false,
                strike: false,
                bg_color_r: (
                    0,
                    0,
                ),
                color_r: (
                    0,
                    0,
                ),
                bold_r: (
                    0,
                    0,
                ),
                blink_r: (
                    0,
                    0,
                ),
                text_r: (
                    44,
                    45,
                ),
                dim_r: (
                    0,
                    0,
                ),
                italic_r: (
                    0,
                    0,
                ),
                underline_r: (
                    0,
                    0,
                ),
                hide_r: (
                    0,
                    0,
                ),
                strike_r: (
                    0,
                    0,
                ),
            },
            Node {
                bg_color: Default,
                color: Default,
                bold: false,
                blink: false,
                text: "o",
                dim: false,
                italic: false,
                underline: false,
                hide: false,
                strike: false,
                bg_color_r: (
                    0,
                    0,
                ),
                color_r: (
                    0,
                    0,
                ),
                bold_r: (
                    0,
                    0,
                ),
                blink_r: (
                    0,
                    0,
                ),
                text_r: (
                    45,
                    46,
                ),
                dim_r: (
                    0,
                    0,
                ),
                italic_r: (
                    0,
                    0,
                ),
                underline_r: (
                    0,
                    0,
                ),
                hide_r: (
                    0,
                    0,
                ),
                strike_r: (
                    0,
                    0,
                ),
            },
            Node {
                bg_color: Default,
                color: Default,
                bold: false,
                blink: false,
                text: ".",
                dim: false,
                italic: false,
                underline: false,
                hide: false,
                strike: false,
                bg_color_r: (
                    0,
                    0,
                ),
                color_r: (
                    0,
                    0,
                ),
                bold_r: (
                    0,
                    0,
                ),
                blink_r: (
                    0,
                    0,
                ),
                text_r: (
                    46,
                    47,
                ),
                dim_r: (
                    0,
                    0,
                ),
                italic_r: (
                    0,
                    0,
                ),
                underline_r: (
                    0,
                    0,
                ),
                hide_r: (
                    0,
                    0,
                ),
                strike_r: (
                    0,
                    0,
                ),
            },
            Node {
                bg_color: Default,
                color: Default,
                bold: false,
                blink: false,
                text: "t",
                dim: false,
                italic: false,
                underline: false,
                hide: false,
                strike: false,
                bg_color_r: (
                    0,
                    0,
                ),
                color_r: (
                    0,
                    0,
                ),
                bold_r: (
                    0,
                    0,
                ),
                blink_r: (
                    0,
                    0,
                ),
                text_r: (
                    47,
                    48,
                ),
                dim_r: (
                    0,
                    0,
                ),
                italic_r: (
                    0,
                    0,
                ),
                underline_r: (
                    0,
                    0,
                ),
                hide_r: (
                    0,
                    0,
                ),
                strike_r: (
                    0,
                    0,
                ),
            },
            Node {
                bg_color: Default,
                color: Default,
                bold: false,
                blink: false,
                text: "o",
                dim: false,
                italic: false,
                underline: false,
                hide: false,
                strike: false,
                bg_color_r: (
                    0,
                    0,
                ),
                color_r: (
                    0,
                    0,
                ),
                bold_r: (
                    0,
                    0,
                ),
                blink_r: (
                    0,
                    0,
                ),
                text_r: (
                    48,
                    49,
                ),
                dim_r: (
                    0,
                    0,
                ),
                italic_r: (
                    0,
                    0,
                ),
                underline_r: (
                    0,
                    0,
                ),
                hide_r: (
                    0,
                    0,
                ),
                strike_r: (
                    0,
                    0,
                ),
            },
            Node {
                bg_color: Default,
                color: Default,
                bold: false,
                blink: false,
                text: "m",
                dim: false,
                italic: false,
                underline: false,
                hide: false,
                strike: false,
                bg_color_r: (
                    0,
                    0,
                ),
                color_r: (
                    0,
                    0,
                ),
                bold_r: (
                    0,
                    0,
                ),
                blink_r: (
                    0,
                    0,
                ),
                text_r: (
                    49,
                    50,
                ),
                dim_r: (
                    0,
                    0,
                ),
                italic_r: (
                    0,
                    0,
                ),
                underline_r: (
                    0,
                    0,
                ),
                hide_r: (
                    0,
                    0,
                ),
                strike_r: (
                    0,
                    0,
                ),
            },
            Node {
                bg_color: Default,
                color: Default,
                bold: false,
                blink: false,
                text: "l",
                dim: false,
                italic: false,
                underline: false,
                hide: false,
                strike: false,
                bg_color_r: (
                    0,
                    0,
                ),
                color_r: (
                    0,
                    0,
                ),
                bold_r: (
                    0,
                    0,
                ),
                blink_r: (
                    0,
                    0,
                ),
                text_r: (
                    50,
                    51,
                ),
                dim_r: (
                    0,
                    0,
                ),
                italic_r: (
                    0,
                    0,
                ),
                underline_r: (
                    0,
                    0,
                ),
                hide_r: (
                    0,
                    0,
                ),
                strike_r: (
                    0,
                    0,
                ),
            },
            Node {
                bg_color: Default,
                color: Default,
                bold: false,
                blink: false,
                text: "\\",
                dim: false,
                italic: false,
                underline: false,
                hide: false,
                strike: false,
                bg_color_r: (
                    0,
                    0,
                ),
                color_r: (
                    0,
                    0,
                ),
                bold_r: (
                    0,
                    0,
                ),
                blink_r: (
                    0,
                    0,
                ),
                text_r: (
                    52,
                    53,
                ),
                dim_r: (
                    0,
                    0,
                ),
                italic_r: (
                    0,
                    0,
                ),
                underline_r: (
                    0,
                    0,
                ),
                hide_r: (
                    0,
                    0,
                ),
                strike_r: (
                    0,
                    0,
                ),
            },
            Node {
                bg_color: Default,
                color: Default,
                bold: false,
                blink: false,
                text: "C",
                dim: false,
                italic: false,
                underline: false,
                hide: false,
                strike: false,
                bg_color_r: (
                    0,
                    0,
                ),
                color_r: (
                    0,
                    0,
                ),
                bold_r: (
                    0,
                    0,
                ),
                blink_r: (
                    0,
                    0,
                ),
                text_r: (
                    53,
                    54,
                ),
                dim_r: (
                    0,
                    0,
                ),
                italic_r: (
                    0,
                    0,
                ),
                underline_r: (
                    0,
                    0,
                ),
                hide_r: (
                    0,
                    0,
                ),
                strike_r: (
                    0,
                    0,
                ),
            },
            Node {
                bg_color: Default,
                color: Default,
                bold: false,
                blink: false,
                text: "a",
                dim: false,
                italic: false,
                underline: false,
                hide: false,
                strike: false,
                bg_color_r: (
                    0,
                    0,
                ),
                color_r: (
                    0,
                    0,
                ),
                bold_r: (
                    0,
                    0,
                ),
                blink_r: (
                    0,
                    0,
                ),
                text_r: (
                    54,
                    55,
                ),
                dim_r: (
                    0,
                    0,
                ),
                italic_r: (
                    0,
                    0,
                ),
                underline_r: (
                    0,
                    0,
                ),
                hide_r: (
                    0,
                    0,
                ),
                strike_r: (
                    0,
                    0,
                ),
            },
            Node {
                bg_color: Default,
                color: Default,
                bold: false,
                blink: false,
                text: "r",
                dim: false,
                italic: false,
                underline: false,
                hide: false,
                strike: false,
                bg_color_r: (
                    0,
                    0,
                ),
                color_r: (
                    0,
                    0,
                ),
                bold_r: (
                    0,
                    0,
                ),
                blink_r: (
                    0,
                    0,
                ),
                text_r: (
                    55,
                    56,
                ),
                dim_r: (
                    0,
                    0,
                ),
                italic_r: (
                    0,
                    0,
                ),
                underline_r: (
                    0,
                    0,
                ),
                hide_r: (
                    0,
                    0,
                ),
                strike_r: (
                    0,
                    0,
                ),
            },
            Node {
                bg_color: Default,
                color: Default,
                bold: false,
                blink: false,
                text: "g",
                dim: false,
                italic: false,
                underline: false,
                hide: false,
                strike: false,
                bg_color_r: (
                    0,
                    0,
                ),
                color_r: (
                    0,
                    0,
                ),
                bold_r: (
                    0,
                    0,
                ),
                blink_r: (
                    0,
                    0,
                ),
                text_r: (
                    56,
                    57,
                ),
                dim_r: (
                    0,
                    0,
                ),
                italic_r: (
                    0,
                    0,
                ),
                underline_r: (
                    0,
                    0,
                ),
                hide_r: (
                    0,
                    0,
                ),
                strike_r: (
                    0,
                    0,
                ),
            },
            Node {
                bg_color: Default,
                color: Default,
                bold: false,
                blink: false,
                text: "o",
                dim: false,
                italic: false,
                underline: false,
                hide: false,
                strike: false,
                bg_color_r: (
                    0,
                    0,
                ),
                color_r: (
                    0,
                    0,
                ),
                bold_r: (
                    0,
                    0,
                ),
                blink_r: (
                    0,
                    0,
                ),
                text_r: (
                    57,
                    58,
                ),
                dim_r: (
                    0,
                    0,
                ),
                italic_r: (
                    0,
                    0,
                ),
                underline_r: (
                    0,
                    0,
                ),
                hide_r: (
                    0,
                    0,
                ),
                strike_r: (
                    0,
                    0,
                ),
            },
            Node {
                bg_color: Default,
                color: Default,
                bold: false,
                blink: false,
                text: ".",
                dim: false,
                italic: false,
                underline: false,
                hide: false,
                strike: false,
                bg_color_r: (
                    0,
                    0,
                ),
                color_r: (
                    0,
                    0,
                ),
                bold_r: (
                    0,
                    0,
                ),
                blink_r: (
                    0,
                    0,
                ),
                text_r: (
                    58,
                    59,
                ),
                dim_r: (
                    0,
                    0,
                ),
                italic_r: (
                    0,
                    0,
                ),
                underline_r: (
                    0,
                    0,
                ),
                hide_r: (
                    0,
                    0,
                ),
                strike_r: (
                    0,
                    0,
                ),
            },
            Node {
                bg_color: Default,
                color: Default,
                bold: false,
                blink: false,
                text: "t",
                dim: false,
                italic: false,
                underline: false,
                hide: false,
                strike: false,
                bg_color_r: (
                    0,
                    0,
                ),
                color_r: (
                    0,
                    0,
                ),
                bold_r: (
                    0,
                    0,
                ),
                blink_r: (
                    0,
                    0,
                ),
                text_r: (
                    59,
                    60,
                ),
                dim_r: (
                    0,
                    0,
                ),
                italic_r: (
                    0,
                    0,
                ),
                underline_r: (
                    0,
                    0,
                ),
                hide_r: (
                    0,
                    0,
                ),
                strike_r: (
                    0,
                    0,
                ),
            },
            Node {
                bg_color: Default,
                color: Default,
                bold: false,
                blink: false,
                text: "o",
                dim: false,
                italic: false,
                underline: false,
                hide: false,
                strike: false,
                bg_color_r: (
                    0,
                    0,
                ),
                color_r: (
                    0,
                    0,
                ),
                bold_r: (
                    0,
                    0,
                ),
                blink_r: (
                    0,
                    0,
                ),
                text_r: (
                    60,
                    61,
                ),
                dim_r: (
                    0,
                    0,
                ),
                italic_r: (
                    0,
                    0,
                ),
                underline_r: (
                    0,
                    0,
                ),
                hide_r: (
                    0,
                    0,
                ),
                strike_r: (
                    0,
                    0,
                ),
            },
            Node {
                bg_color: Default,
                color: Default,
                bold: false,
                blink: false,
                text: "m",
                dim: false,
                italic: false,
                underline: false,
                hide: false,
                strike: false,
                bg_color_r: (
                    0,
                    0,
                ),
                color_r: (
                    0,
                    0,
                ),
                bold_r: (
                    0,
                    0,
                ),
                blink_r: (
                    0,
                    0,
                ),
                text_r: (
                    61,
                    62,
                ),
                dim_r: (
                    0,
                    0,
                ),
                italic_r: (
                    0,
                    0,
                ),
                underline_r: (
                    0,
                    0,
                ),
                hide_r: (
                    0,
                    0,
                ),
                strike_r: (
                    0,
                    0,
                ),
            },
            Node {
                bg_color: Default,
                color: Default,
                bold: false,
                blink: false,
                text: "l",
                dim: false,
                italic: false,
                underline: false,
                hide: false,
                strike: false,
                bg_color_r: (
                    0,
                    0,
                ),
                color_r: (
                    0,
                    0,
                ),
                bold_r: (
                    0,
                    0,
                ),
                blink_r: (
                    0,
                    0,
                ),
                text_r: (
                    62,
                    63,
                ),
                dim_r: (
                    0,
                    0,
                ),
                italic_r: (
                    0,
                    0,
                ),
                underline_r: (
                    0,
                    0,
                ),
                hide_r: (
                    0,
                    0,
                ),
                strike_r: (
                    0,
                    0,
                ),
            },
            Node {
                bg_color: Default,
                color: Default,
                bold: false,
                blink: false,
                text: "]",
                dim: false,
                italic: false,
                underline: false,
                hide: false,
                strike: false,
                bg_color_r: (
                    0,
                    0,
                ),
                color_r: (
                    0,
                    0,
                ),
                bold_r: (
                    0,
                    0,
                ),
                blink_r: (
                    0,
                    0,
                ),
                text_r: (
                    64,
                    65,
                ),
                dim_r: (
                    0,
                    0,
                ),
                italic_r: (
                    0,
                    0,
                ),
                underline_r: (
                    0,
                    0,
                ),
                hide_r: (
                    0,
                    0,
                ),
                strike_r: (
                    0,
                    0,
                ),
            },
            Node {
                bg_color: Default,
                color: Default,
                bold: false,
                blink: false,
                text: "8",
                dim: false,
                italic: false,
                underline: false,
                hide: false,
                strike: false,
                bg_color_r: (
                    0,
                    0,
                ),
                color_r: (
                    0,
                    0,
                ),
                bold_r: (
                    0,
                    0,
                ),
                blink_r: (
                    0,
                    0,
                ),
                text_r: (
                    65,
                    66,
                ),
                dim_r: (
                    0,
                    0,
                ),
                italic_r: (
                    0,
                    0,
                ),
                underline_r: (
                    0,
                    0,
                ),
                hide_r: (
                    0,
                    0,
                ),
                strike_r: (
                    0,
                    0,
                ),
            },
            Node {
                bg_color: Default,
                color: Default,
                bold: false,
                blink: false,
                text: ";",
                dim: false,
                italic: false,
                underline: false,
                hide: false,
                strike: false,
                bg_color_r: (
                    0,
                    0,
                ),
                color_r: (
                    0,
                    0,
                ),
                bold_r: (
                    0,
                    0,
                ),
                blink_r: (
                    0,
                    0,
                ),
                text_r: (
                    66,
                    67,
                ),
                dim_r: (
                    0,
                    0,
                ),
                italic_r: (
                    0,
                    0,
                ),
                underline_r: (
                    0,
                    0,
                ),
                hide_r: (
                    0,
                    0,
                ),
                strike_r: (
                    0,
                    0,
                ),
            },
            Node {
                bg_color: Default,
                color: Default,
                bold: false,
                blink: false,
                text: ";",
                dim: false,
                italic: false,
                underline: false,
                hide: false,
                strike: false,
                bg_color_r: (
                    0,
                    0,
                ),
                color_r: (
                    0,
                    0,
                ),
                bold_r: (
                    0,
                    0,
                ),
                blink_r: (
                    0,
                    0,
                ),
                text_r: (
                    67,
                    68,
                ),
                dim_r: (
                    0,
                    0,
                ),
                italic_r: (
                    0,
                    0,
                ),
                underline_r: (
                    0,
                    0,
                ),
                hide_r: (
                    0,
                    0,
                ),
                strike_r: (
                    0,
                    0,
                ),
            },
        ],
    ],
    w: 66,
    h: 1,
}
