---
source: ansi2/src/lib.rs
expression: canvas
---
Canvas {
    pixels: [
        [
            Node {
                bg_color: Default,
                color: Default,
                bold: false,
                blink: false,
                char: 'f',
                dim: false,
                italic: false,
                underline: true,
                hide: false,
            },
            Node {
                bg_color: Default,
                color: Default,
                bold: false,
                blink: false,
                char: 'o',
                dim: false,
                italic: false,
                underline: true,
                hide: false,
            },
            Node {
                bg_color: Default,
                color: Default,
                bold: false,
                blink: false,
                char: 'o',
                dim: false,
                italic: false,
                underline: true,
                hide: false,
            },
            Node {
                bg_color: Default,
                color: Default,
                bold: false,
                blink: false,
                char: ']',
                dim: false,
                italic: false,
                underline: true,
                hide: false,
            },
            Node {
                bg_color: Default,
                color: Default,
                bold: false,
                blink: false,
                char: '8',
                dim: false,
                italic: false,
                underline: true,
                hide: false,
            },
            Node {
                bg_color: Default,
                color: Default,
                bold: false,
                blink: false,
                char: ';',
                dim: false,
                italic: false,
                underline: true,
                hide: false,
            },
            Node {
                bg_color: Default,
                color: Default,
                bold: false,
                blink: false,
                char: ';',
                dim: false,
                italic: false,
                underline: true,
                hide: false,
            },
            Node {
                bg_color: Default,
                color: Default,
                bold: false,
                blink: false,
                char: 'h',
                dim: false,
                italic: false,
                underline: true,
                hide: false,
            },
            Node {
                bg_color: Default,
                color: Default,
                bold: false,
                blink: false,
                char: 't',
                dim: false,
                italic: false,
                underline: true,
                hide: false,
            },
            Node {
                bg_color: Default,
                color: Default,
                bold: false,
                blink: false,
                char: 't',
                dim: false,
                italic: false,
                underline: true,
                hide: false,
            },
            Node {
                bg_color: Default,
                color: Default,
                bold: false,
                blink: false,
                char: 'p',
                dim: false,
                italic: false,
                underline: true,
                hide: false,
            },
            Node {
                bg_color: Default,
                color: Default,
                bold: false,
                blink: false,
                char: ':',
                dim: false,
                italic: false,
                underline: true,
                hide: false,
            },
            Node {
                bg_color: Default,
                color: Default,
                bold: false,
                blink: false,
                char: '/',
                dim: false,
                italic: false,
                underline: true,
                hide: false,
            },
            Node {
                bg_color: Default,
                color: Default,
                bold: false,
                blink: false,
                char: '/',
                dim: false,
                italic: false,
                underline: true,
                hide: false,
            },
            Node {
                bg_color: Default,
                color: Default,
                bold: false,
                blink: false,
                char: 'e',
                dim: false,
                italic: false,
                underline: true,
                hide: false,
            },
            Node {
                bg_color: Default,
                color: Default,
                bold: false,
                blink: false,
                char: 'x',
                dim: false,
                italic: false,
                underline: true,
                hide: false,
            },
            Node {
                bg_color: Default,
                color: Default,
                bold: false,
                blink: false,
                char: 'a',
                dim: false,
                italic: false,
                underline: true,
                hide: false,
            },
            Node {
                bg_color: Default,
                color: Default,
                bold: false,
                blink: false,
                char: 'm',
                dim: false,
                italic: false,
                underline: true,
                hide: false,
            },
            Node {
                bg_color: Default,
                color: Default,
                bold: false,
                blink: false,
                char: 'p',
                dim: false,
                italic: false,
                underline: true,
                hide: false,
            },
            Node {
                bg_color: Default,
                color: Default,
                bold: false,
                blink: false,
                char: 'l',
                dim: false,
                italic: false,
                underline: true,
                hide: false,
            },
            Node {
                bg_color: Default,
                color: Default,
                bold: false,
                blink: false,
                char: 'e',
                dim: false,
                italic: false,
                underline: true,
                hide: false,
            },
            Node {
                bg_color: Default,
                color: Default,
                bold: false,
                blink: false,
                char: '.',
                dim: false,
                italic: false,
                underline: true,
                hide: false,
            },
            Node {
                bg_color: Default,
                color: Default,
                bold: false,
                blink: false,
                char: 'c',
                dim: false,
                italic: false,
                underline: true,
                hide: false,
            },
            Node {
                bg_color: Default,
                color: Default,
                bold: false,
                blink: false,
                char: 'o',
                dim: false,
                italic: false,
                underline: true,
                hide: false,
            },
            Node {
                bg_color: Default,
                color: Default,
                bold: false,
                blink: false,
                char: 'm',
                dim: false,
                italic: false,
                underline: true,
                hide: false,
            },
            Node {
                bg_color: Default,
                color: Default,
                bold: false,
                blink: false,
                char: '/',
                dim: false,
                italic: false,
                underline: true,
                hide: false,
            },
            Node {
                bg_color: Default,
                color: Default,
                bold: false,
                blink: false,
                char: 'f',
                dim: false,
                italic: false,
                underline: true,
                hide: false,
            },
            Node {
                bg_color: Default,
                color: Default,
                bold: false,
                blink: false,
                char: 'o',
                dim: false,
                italic: false,
                underline: true,
                hide: false,
            },
            Node {
                bg_color: Default,
                color: Default,
                bold: false,
                blink: false,
                char: 'o',
                dim: false,
                italic: false,
                underline: true,
                hide: false,
            },
            Node {
                bg_color: Default,
                color: Default,
                bold: false,
                blink: false,
                char: '\\',
                dim: false,
                italic: false,
                underline: true,
                hide: false,
            },
            Node {
                bg_color: Default,
                color: Default,
                bold: false,
                blink: false,
                char: 'f',
                dim: false,
                italic: false,
                underline: true,
                hide: false,
            },
            Node {
                bg_color: Default,
                color: Default,
                bold: false,
                blink: false,
                char: 'o',
                dim: false,
                italic: false,
                underline: true,
                hide: false,
            },
            Node {
                bg_color: Default,
                color: Default,
                bold: false,
                blink: false,
                char: 'o',
                dim: false,
                italic: false,
                underline: true,
                hide: false,
            },
            Node {
                bg_color: Default,
                color: Default,
                bold: false,
                blink: false,
                char: ' ',
                dim: false,
                italic: false,
                underline: false,
                hide: false,
            },
            Node {
                bg_color: Default,
                color: Default,
                bold: false,
                blink: false,
                char: 'f',
                dim: false,
                italic: false,
                underline: true,
                hide: false,
            },
            Node {
                bg_color: Default,
                color: Default,
                bold: false,
                blink: false,
                char: 'o',
                dim: false,
                italic: false,
                underline: true,
                hide: false,
            },
            Node {
                bg_color: Default,
                color: Default,
                bold: false,
                blink: false,
                char: 'o',
                dim: false,
                italic: false,
                underline: true,
                hide: false,
            },
            Node {
                bg_color: Default,
                color: Default,
                bold: false,
                blink: false,
                char: ']',
                dim: false,
                italic: false,
                underline: true,
                hide: false,
            },
            Node {
                bg_color: Default,
                color: Default,
                bold: false,
                blink: false,
                char: '8',
                dim: false,
                italic: false,
                underline: true,
                hide: false,
            },
            Node {
                bg_color: Default,
                color: Default,
                bold: false,
                blink: false,
                char: ';',
                dim: false,
                italic: false,
                underline: true,
                hide: false,
            },
            Node {
                bg_color: Default,
                color: Default,
                bold: false,
                blink: false,
                char: ';',
                dim: false,
                italic: false,
                underline: true,
                hide: false,
            },
            Node {
                bg_color: Default,
                color: Default,
                bold: false,
                blink: false,
                char: 'h',
                dim: false,
                italic: false,
                underline: true,
                hide: false,
            },
            Node {
                bg_color: Default,
                color: Default,
                bold: false,
                blink: false,
                char: 't',
                dim: false,
                italic: false,
                underline: true,
                hide: false,
            },
            Node {
                bg_color: Default,
                color: Default,
                bold: false,
                blink: false,
                char: 't',
                dim: false,
                italic: false,
                underline: true,
                hide: false,
            },
            Node {
                bg_color: Default,
                color: Default,
                bold: false,
                blink: false,
                char: 'p',
                dim: false,
                italic: false,
                underline: true,
                hide: false,
            },
            Node {
                bg_color: Default,
                color: Default,
                bold: false,
                blink: false,
                char: ':',
                dim: false,
                italic: false,
                underline: true,
                hide: false,
            },
            Node {
                bg_color: Default,
                color: Default,
                bold: false,
                blink: false,
                char: '/',
                dim: false,
                italic: false,
                underline: true,
                hide: false,
            },
            Node {
                bg_color: Default,
                color: Default,
                bold: false,
                blink: false,
                char: '/',
                dim: false,
                italic: false,
                underline: true,
                hide: false,
            },
            Node {
                bg_color: Default,
                color: Default,
                bold: false,
                blink: false,
                char: 'e',
                dim: false,
                italic: false,
                underline: true,
                hide: false,
            },
            Node {
                bg_color: Default,
                color: Default,
                bold: false,
                blink: false,
                char: 'x',
                dim: false,
                italic: false,
                underline: true,
                hide: false,
            },
            Node {
                bg_color: Default,
                color: Default,
                bold: false,
                blink: false,
                char: 'a',
                dim: false,
                italic: false,
                underline: true,
                hide: false,
            },
            Node {
                bg_color: Default,
                color: Default,
                bold: false,
                blink: false,
                char: 'm',
                dim: false,
                italic: false,
                underline: true,
                hide: false,
            },
            Node {
                bg_color: Default,
                color: Default,
                bold: false,
                blink: false,
                char: 'p',
                dim: false,
                italic: false,
                underline: true,
                hide: false,
            },
            Node {
                bg_color: Default,
                color: Default,
                bold: false,
                blink: false,
                char: 'l',
                dim: false,
                italic: false,
                underline: true,
                hide: false,
            },
            Node {
                bg_color: Default,
                color: Default,
                bold: false,
                blink: false,
                char: 'e',
                dim: false,
                italic: false,
                underline: true,
                hide: false,
            },
            Node {
                bg_color: Default,
                color: Default,
                bold: false,
                blink: false,
                char: '.',
                dim: false,
                italic: false,
                underline: true,
                hide: false,
            },
            Node {
                bg_color: Default,
                color: Default,
                bold: false,
                blink: false,
                char: 'c',
                dim: false,
                italic: false,
                underline: true,
                hide: false,
            },
            Node {
                bg_color: Default,
                color: Default,
                bold: false,
                blink: false,
                char: 'o',
                dim: false,
                italic: false,
                underline: true,
                hide: false,
            },
            Node {
                bg_color: Default,
                color: Default,
                bold: false,
                blink: false,
                char: 'm',
                dim: false,
                italic: false,
                underline: true,
                hide: false,
            },
            Node {
                bg_color: Default,
                color: Default,
                bold: false,
                blink: false,
                char: '/',
                dim: false,
                italic: false,
                underline: true,
                hide: false,
            },
            Node {
                bg_color: Default,
                color: Default,
                bold: false,
                blink: false,
                char: 'b',
                dim: false,
                italic: false,
                underline: true,
                hide: false,
            },
            Node {
                bg_color: Default,
                color: Default,
                bold: false,
                blink: false,
                char: 'a',
                dim: false,
                italic: false,
                underline: true,
                hide: false,
            },
            Node {
                bg_color: Default,
                color: Default,
                bold: false,
                blink: false,
                char: 'r',
                dim: false,
                italic: false,
                underline: true,
                hide: false,
            },
            Node {
                bg_color: Default,
                color: Default,
                bold: false,
                blink: false,
                char: '\\',
                dim: false,
                italic: false,
                underline: true,
                hide: false,
            },
            Node {
                bg_color: Default,
                color: Default,
                bold: false,
                blink: false,
                char: 'b',
                dim: false,
                italic: false,
                underline: true,
                hide: false,
            },
            Node {
                bg_color: Default,
                color: Default,
                bold: false,
                blink: false,
                char: 'a',
                dim: false,
                italic: false,
                underline: true,
                hide: false,
            },
            Node {
                bg_color: Default,
                color: Default,
                bold: false,
                blink: false,
                char: 'r',
                dim: false,
                italic: false,
                underline: true,
                hide: false,
            },
        ],
    ],
    w: 68,
    h: 1,
}
