---
source: ansi2/src/lib.rs
expression: canvas
---
Canvas {
    pixels: [
        [
            Node {
                bg_color: Default,
                color: Default,
                bold: false,
                blink: false,
                text: "f",
                dim: false,
                italic: false,
                underline: true,
                hide: false,
                strike: false,
                bg_color_r: (
                    0,
                    0,
                ),
                color_r: (
                    0,
                    0,
                ),
                bold_r: (
                    0,
                    0,
                ),
                blink_r: (
                    0,
                    0,
                ),
                text_r: (
                    0,
                    71,
                ),
                dim_r: (
                    0,
                    0,
                ),
                italic_r: (
                    0,
                    0,
                ),
                underline_r: (
                    0,
                    71,
                ),
                hide_r: (
                    0,
                    0,
                ),
                strike_r: (
                    0,
                    0,
                ),
            },
            Node {
                bg_color: Default,
                color: Default,
                bold: false,
                blink: false,
                text: "o",
                dim: false,
                italic: false,
                underline: true,
                hide: false,
                strike: false,
                bg_color_r: (
                    0,
                    0,
                ),
                color_r: (
                    0,
                    0,
                ),
                bold_r: (
                    0,
                    0,
                ),
                blink_r: (
                    0,
                    0,
                ),
                text_r: (
                    1,
                    72,
                ),
                dim_r: (
                    0,
                    0,
                ),
                italic_r: (
                    0,
                    0,
                ),
                underline_r: (
                    0,
                    71,
                ),
                hide_r: (
                    0,
                    0,
                ),
                strike_r: (
                    0,
                    0,
                ),
            },
            Node {
                bg_color: Default,
                color: Default,
                bold: false,
                blink: false,
                text: "o",
                dim: false,
                italic: false,
                underline: true,
                hide: false,
                strike: false,
                bg_color_r: (
                    0,
                    0,
                ),
                color_r: (
                    0,
                    0,
                ),
                bold_r: (
                    0,
                    0,
                ),
                blink_r: (
                    0,
                    0,
                ),
                text_r: (
                    2,
                    73,
                ),
                dim_r: (
                    0,
                    0,
                ),
                italic_r: (
                    0,
                    0,
                ),
                underline_r: (
                    0,
                    71,
                ),
                hide_r: (
                    0,
                    0,
                ),
                strike_r: (
                    0,
                    0,
                ),
            },
            Node {
                bg_color: Default,
                color: Default,
                bold: false,
                blink: false,
                text: "]",
                dim: false,
                italic: false,
                underline: true,
                hide: false,
                strike: false,
                bg_color_r: (
                    0,
                    0,
                ),
                color_r: (
                    0,
                    0,
                ),
                bold_r: (
                    0,
                    0,
                ),
                blink_r: (
                    0,
                    0,
                ),
                text_r: (
                    4,
                    75,
                ),
                dim_r: (
                    0,
                    0,
                ),
                italic_r: (
                    0,
                    0,
                ),
                underline_r: (
                    0,
                    71,
                ),
                hide_r: (
                    0,
                    0,
                ),
                strike_r: (
                    0,
                    0,
                ),
            },
            Node {
                bg_color: Default,
                color: Default,
                bold: false,
                blink: false,
                text: "8",
                dim: false,
                italic: false,
                underline: true,
                hide: false,
                strike: false,
                bg_color_r: (
                    0,
                    0,
                ),
                color_r: (
                    0,
                    0,
                ),
                bold_r: (
                    0,
                    0,
                ),
                blink_r: (
                    0,
                    0,
                ),
                text_r: (
                    5,
                    76,
                ),
                dim_r: (
                    0,
                    0,
                ),
                italic_r: (
                    0,
                    0,
                ),
                underline_r: (
                    0,
                    71,
                ),
                hide_r: (
                    0,
                    0,
                ),
                strike_r: (
                    0,
                    0,
                ),
            },
            Node {
                bg_color: Default,
                color: Default,
                bold: false,
                blink: false,
                text: ";",
                dim: false,
                italic: false,
                underline: true,
                hide: false,
                strike: false,
                bg_color_r: (
                    0,
                    0,
                ),
                color_r: (
                    0,
                    0,
                ),
                bold_r: (
                    0,
                    0,
                ),
                blink_r: (
                    0,
                    0,
                ),
                text_r: (
                    6,
                    77,
                ),
                dim_r: (
                    0,
                    0,
                ),
                italic_r: (
                    0,
                    0,
                ),
                underline_r: (
                    0,
                    71,
                ),
                hide_r: (
                    0,
                    0,
                ),
                strike_r: (
                    0,
                    0,
                ),
            },
            Node {
                bg_color: Default,
                color: Default,
                bold: false,
                blink: false,
                text: ";",
                dim: false,
                italic: false,
                underline: true,
                hide: false,
                strike: false,
                bg_color_r: (
                    0,
                    0,
                ),
                color_r: (
                    0,
                    0,
                ),
                bold_r: (
                    0,
                    0,
                ),
                blink_r: (
                    0,
                    0,
                ),
                text_r: (
                    7,
                    78,
                ),
                dim_r: (
                    0,
                    0,
                ),
                italic_r: (
                    0,
                    0,
                ),
                underline_r: (
                    0,
                    71,
                ),
                hide_r: (
                    0,
                    0,
                ),
                strike_r: (
                    0,
                    0,
                ),
            },
            Node {
                bg_color: Default,
                color: Default,
                bold: false,
                blink: false,
                text: "h",
                dim: false,
                italic: false,
                underline: true,
                hide: false,
                strike: false,
                bg_color_r: (
                    0,
                    0,
                ),
                color_r: (
                    0,
                    0,
                ),
                bold_r: (
                    0,
                    0,
                ),
                blink_r: (
                    0,
                    0,
                ),
                text_r: (
                    8,
                    79,
                ),
                dim_r: (
                    0,
                    0,
                ),
                italic_r: (
                    0,
                    0,
                ),
                underline_r: (
                    0,
                    71,
                ),
                hide_r: (
                    0,
                    0,
                ),
                strike_r: (
                    0,
                    0,
                ),
            },
            Node {
                bg_color: Default,
                color: Default,
                bold: false,
                blink: false,
                text: "t",
                dim: false,
                italic: false,
                underline: true,
                hide: false,
                strike: false,
                bg_color_r: (
                    0,
                    0,
                ),
                color_r: (
                    0,
                    0,
                ),
                bold_r: (
                    0,
                    0,
                ),
                blink_r: (
                    0,
                    0,
                ),
                text_r: (
                    9,
                    80,
                ),
                dim_r: (
                    0,
                    0,
                ),
                italic_r: (
                    0,
                    0,
                ),
                underline_r: (
                    0,
                    71,
                ),
                hide_r: (
                    0,
                    0,
                ),
                strike_r: (
                    0,
                    0,
                ),
            },
            Node {
                bg_color: Default,
                color: Default,
                bold: false,
                blink: false,
                text: "t",
                dim: false,
                italic: false,
                underline: true,
                hide: false,
                strike: false,
                bg_color_r: (
                    0,
                    0,
                ),
                color_r: (
                    0,
                    0,
                ),
                bold_r: (
                    0,
                    0,
                ),
                blink_r: (
                    0,
                    0,
                ),
                text_r: (
                    10,
                    81,
                ),
                dim_r: (
                    0,
                    0,
                ),
                italic_r: (
                    0,
                    0,
                ),
                underline_r: (
                    0,
                    71,
                ),
                hide_r: (
                    0,
                    0,
                ),
                strike_r: (
                    0,
                    0,
                ),
            },
            Node {
                bg_color: Default,
                color: Default,
                bold: false,
                blink: false,
                text: "p",
                dim: false,
                italic: false,
                underline: true,
                hide: false,
                strike: false,
                bg_color_r: (
                    0,
                    0,
                ),
                color_r: (
                    0,
                    0,
                ),
                bold_r: (
                    0,
                    0,
                ),
                blink_r: (
                    0,
                    0,
                ),
                text_r: (
                    11,
                    82,
                ),
                dim_r: (
                    0,
                    0,
                ),
                italic_r: (
                    0,
                    0,
                ),
                underline_r: (
                    0,
                    71,
                ),
                hide_r: (
                    0,
                    0,
                ),
                strike_r: (
                    0,
                    0,
                ),
            },
            Node {
                bg_color: Default,
                color: Default,
                bold: false,
                blink: false,
                text: ":",
                dim: false,
                italic: false,
                underline: true,
                hide: false,
                strike: false,
                bg_color_r: (
                    0,
                    0,
                ),
                color_r: (
                    0,
                    0,
                ),
                bold_r: (
                    0,
                    0,
                ),
                blink_r: (
                    0,
                    0,
                ),
                text_r: (
                    12,
                    83,
                ),
                dim_r: (
                    0,
                    0,
                ),
                italic_r: (
                    0,
                    0,
                ),
                underline_r: (
                    0,
                    71,
                ),
                hide_r: (
                    0,
                    0,
                ),
                strike_r: (
                    0,
                    0,
                ),
            },
            Node {
                bg_color: Default,
                color: Default,
                bold: false,
                blink: false,
                text: "/",
                dim: false,
                italic: false,
                underline: true,
                hide: false,
                strike: false,
                bg_color_r: (
                    0,
                    0,
                ),
                color_r: (
                    0,
                    0,
                ),
                bold_r: (
                    0,
                    0,
                ),
                blink_r: (
                    0,
                    0,
                ),
                text_r: (
                    13,
                    84,
                ),
                dim_r: (
                    0,
                    0,
                ),
                italic_r: (
                    0,
                    0,
                ),
                underline_r: (
                    0,
                    71,
                ),
                hide_r: (
                    0,
                    0,
                ),
                strike_r: (
                    0,
                    0,
                ),
            },
            Node {
                bg_color: Default,
                color: Default,
                bold: false,
                blink: false,
                text: "/",
                dim: false,
                italic: false,
                underline: true,
                hide: false,
                strike: false,
                bg_color_r: (
                    0,
                    0,
                ),
                color_r: (
                    0,
                    0,
                ),
                bold_r: (
                    0,
                    0,
                ),
                blink_r: (
                    0,
                    0,
                ),
                text_r: (
                    14,
                    85,
                ),
                dim_r: (
                    0,
                    0,
                ),
                italic_r: (
                    0,
                    0,
                ),
                underline_r: (
                    0,
                    71,
                ),
                hide_r: (
                    0,
                    0,
                ),
                strike_r: (
                    0,
                    0,
                ),
            },
            Node {
                bg_color: Default,
                color: Default,
                bold: false,
                blink: false,
                text: "e",
                dim: false,
                italic: false,
                underline: true,
                hide: false,
                strike: false,
                bg_color_r: (
                    0,
                    0,
                ),
                color_r: (
                    0,
                    0,
                ),
                bold_r: (
                    0,
                    0,
                ),
                blink_r: (
                    0,
                    0,
                ),
                text_r: (
                    15,
                    86,
                ),
                dim_r: (
                    0,
                    0,
                ),
                italic_r: (
                    0,
                    0,
                ),
                underline_r: (
                    0,
                    71,
                ),
                hide_r: (
                    0,
                    0,
                ),
                strike_r: (
                    0,
                    0,
                ),
            },
            Node {
                bg_color: Default,
                color: Default,
                bold: false,
                blink: false,
                text: "x",
                dim: false,
                italic: false,
                underline: true,
                hide: false,
                strike: false,
                bg_color_r: (
                    0,
                    0,
                ),
                color_r: (
                    0,
                    0,
                ),
                bold_r: (
                    0,
                    0,
                ),
                blink_r: (
                    0,
                    0,
                ),
                text_r: (
                    16,
                    87,
                ),
                dim_r: (
                    0,
                    0,
                ),
                italic_r: (
                    0,
                    0,
                ),
                underline_r: (
                    0,
                    71,
                ),
                hide_r: (
                    0,
                    0,
                ),
                strike_r: (
                    0,
                    0,
                ),
            },
            Node {
                bg_color: Default,
                color: Default,
                bold: false,
                blink: false,
                text: "a",
                dim: false,
                italic: false,
                underline: true,
                hide: false,
                strike: false,
                bg_color_r: (
                    0,
                    0,
                ),
                color_r: (
                    0,
                    0,
                ),
                bold_r: (
                    0,
                    0,
                ),
                blink_r: (
                    0,
                    0,
                ),
                text_r: (
                    17,
                    88,
                ),
                dim_r: (
                    0,
                    0,
                ),
                italic_r: (
                    0,
                    0,
                ),
                underline_r: (
                    0,
                    71,
                ),
                hide_r: (
                    0,
                    0,
                ),
                strike_r: (
                    0,
                    0,
                ),
            },
            Node {
                bg_color: Default,
                color: Default,
                bold: false,
                blink: false,
                text: "m",
                dim: false,
                italic: false,
                underline: true,
                hide: false,
                strike: false,
                bg_color_r: (
                    0,
                    0,
                ),
                color_r: (
                    0,
                    0,
                ),
                bold_r: (
                    0,
                    0,
                ),
                blink_r: (
                    0,
                    0,
                ),
                text_r: (
                    18,
                    89,
                ),
                dim_r: (
                    0,
                    0,
                ),
                italic_r: (
                    0,
                    0,
                ),
                underline_r: (
                    0,
                    71,
                ),
                hide_r: (
                    0,
                    0,
                ),
                strike_r: (
                    0,
                    0,
                ),
            },
            Node {
                bg_color: Default,
                color: Default,
                bold: false,
                blink: false,
                text: "p",
                dim: false,
                italic: false,
                underline: true,
                hide: false,
                strike: false,
                bg_color_r: (
                    0,
                    0,
                ),
                color_r: (
                    0,
                    0,
                ),
                bold_r: (
                    0,
                    0,
                ),
                blink_r: (
                    0,
                    0,
                ),
                text_r: (
                    19,
                    90,
                ),
                dim_r: (
                    0,
                    0,
                ),
                italic_r: (
                    0,
                    0,
                ),
                underline_r: (
                    0,
                    71,
                ),
                hide_r: (
                    0,
                    0,
                ),
                strike_r: (
                    0,
                    0,
                ),
            },
            Node {
                bg_color: Default,
                color: Default,
                bold: false,
                blink: false,
                text: "l",
                dim: false,
                italic: false,
                underline: true,
                hide: false,
                strike: false,
                bg_color_r: (
                    0,
                    0,
                ),
                color_r: (
                    0,
                    0,
                ),
                bold_r: (
                    0,
                    0,
                ),
                blink_r: (
                    0,
                    0,
                ),
                text_r: (
                    20,
                    91,
                ),
                dim_r: (
                    0,
                    0,
                ),
                italic_r: (
                    0,
                    0,
                ),
                underline_r: (
                    0,
                    71,
                ),
                hide_r: (
                    0,
                    0,
                ),
                strike_r: (
                    0,
                    0,
                ),
            },
            Node {
                bg_color: Default,
                color: Default,
                bold: false,
                blink: false,
                text: "e",
                dim: false,
                italic: false,
                underline: true,
                hide: false,
                strike: false,
                bg_color_r: (
                    0,
                    0,
                ),
                color_r: (
                    0,
                    0,
                ),
                bold_r: (
                    0,
                    0,
                ),
                blink_r: (
                    0,
                    0,
                ),
                text_r: (
                    21,
                    92,
                ),
                dim_r: (
                    0,
                    0,
                ),
                italic_r: (
                    0,
                    0,
                ),
                underline_r: (
                    0,
                    71,
                ),
                hide_r: (
                    0,
                    0,
                ),
                strike_r: (
                    0,
                    0,
                ),
            },
            Node {
                bg_color: Default,
                color: Default,
                bold: false,
                blink: false,
                text: ".",
                dim: false,
                italic: false,
                underline: true,
                hide: false,
                strike: false,
                bg_color_r: (
                    0,
                    0,
                ),
                color_r: (
                    0,
                    0,
                ),
                bold_r: (
                    0,
                    0,
                ),
                blink_r: (
                    0,
                    0,
                ),
                text_r: (
                    22,
                    93,
                ),
                dim_r: (
                    0,
                    0,
                ),
                italic_r: (
                    0,
                    0,
                ),
                underline_r: (
                    0,
                    71,
                ),
                hide_r: (
                    0,
                    0,
                ),
                strike_r: (
                    0,
                    0,
                ),
            },
            Node {
                bg_color: Default,
                color: Default,
                bold: false,
                blink: false,
                text: "c",
                dim: false,
                italic: false,
                underline: true,
                hide: false,
                strike: false,
                bg_color_r: (
                    0,
                    0,
                ),
                color_r: (
                    0,
                    0,
                ),
                bold_r: (
                    0,
                    0,
                ),
                blink_r: (
                    0,
                    0,
                ),
                text_r: (
                    23,
                    94,
                ),
                dim_r: (
                    0,
                    0,
                ),
                italic_r: (
                    0,
                    0,
                ),
                underline_r: (
                    0,
                    71,
                ),
                hide_r: (
                    0,
                    0,
                ),
                strike_r: (
                    0,
                    0,
                ),
            },
            Node {
                bg_color: Default,
                color: Default,
                bold: false,
                blink: false,
                text: "o",
                dim: false,
                italic: false,
                underline: true,
                hide: false,
                strike: false,
                bg_color_r: (
                    0,
                    0,
                ),
                color_r: (
                    0,
                    0,
                ),
                bold_r: (
                    0,
                    0,
                ),
                blink_r: (
                    0,
                    0,
                ),
                text_r: (
                    24,
                    95,
                ),
                dim_r: (
                    0,
                    0,
                ),
                italic_r: (
                    0,
                    0,
                ),
                underline_r: (
                    0,
                    71,
                ),
                hide_r: (
                    0,
                    0,
                ),
                strike_r: (
                    0,
                    0,
                ),
            },
            Node {
                bg_color: Default,
                color: Default,
                bold: false,
                blink: false,
                text: "m",
                dim: false,
                italic: false,
                underline: true,
                hide: false,
                strike: false,
                bg_color_r: (
                    0,
                    0,
                ),
                color_r: (
                    0,
                    0,
                ),
                bold_r: (
                    0,
                    0,
                ),
                blink_r: (
                    0,
                    0,
                ),
                text_r: (
                    25,
                    96,
                ),
                dim_r: (
                    0,
                    0,
                ),
                italic_r: (
                    0,
                    0,
                ),
                underline_r: (
                    0,
                    71,
                ),
                hide_r: (
                    0,
                    0,
                ),
                strike_r: (
                    0,
                    0,
                ),
            },
            Node {
                bg_color: Default,
                color: Default,
                bold: false,
                blink: false,
                text: "/",
                dim: false,
                italic: false,
                underline: true,
                hide: false,
                strike: false,
                bg_color_r: (
                    0,
                    0,
                ),
                color_r: (
                    0,
                    0,
                ),
                bold_r: (
                    0,
                    0,
                ),
                blink_r: (
                    0,
                    0,
                ),
                text_r: (
                    26,
                    97,
                ),
                dim_r: (
                    0,
                    0,
                ),
                italic_r: (
                    0,
                    0,
                ),
                underline_r: (
                    0,
                    71,
                ),
                hide_r: (
                    0,
                    0,
                ),
                strike_r: (
                    0,
                    0,
                ),
            },
            Node {
                bg_color: Default,
                color: Default,
                bold: false,
                blink: false,
                text: "f",
                dim: false,
                italic: false,
                underline: true,
                hide: false,
                strike: false,
                bg_color_r: (
                    0,
                    0,
                ),
                color_r: (
                    0,
                    0,
                ),
                bold_r: (
                    0,
                    0,
                ),
                blink_r: (
                    0,
                    0,
                ),
                text_r: (
                    27,
                    98,
                ),
                dim_r: (
                    0,
                    0,
                ),
                italic_r: (
                    0,
                    0,
                ),
                underline_r: (
                    0,
                    71,
                ),
                hide_r: (
                    0,
                    0,
                ),
                strike_r: (
                    0,
                    0,
                ),
            },
            Node {
                bg_color: Default,
                color: Default,
                bold: false,
                blink: false,
                text: "o",
                dim: false,
                italic: false,
                underline: true,
                hide: false,
                strike: false,
                bg_color_r: (
                    0,
                    0,
                ),
                color_r: (
                    0,
                    0,
                ),
                bold_r: (
                    0,
                    0,
                ),
                blink_r: (
                    0,
                    0,
                ),
                text_r: (
                    28,
                    99,
                ),
                dim_r: (
                    0,
                    0,
                ),
                italic_r: (
                    0,
                    0,
                ),
                underline_r: (
                    0,
                    71,
                ),
                hide_r: (
                    0,
                    0,
                ),
                strike_r: (
                    0,
                    0,
                ),
            },
            Node {
                bg_color: Default,
                color: Default,
                bold: false,
                blink: false,
                text: "o",
                dim: false,
                italic: false,
                underline: true,
                hide: false,
                strike: false,
                bg_color_r: (
                    0,
                    0,
                ),
                color_r: (
                    0,
                    0,
                ),
                bold_r: (
                    0,
                    0,
                ),
                blink_r: (
                    0,
                    0,
                ),
                text_r: (
                    29,
                    100,
                ),
                dim_r: (
                    0,
                    0,
                ),
                italic_r: (
                    0,
                    0,
                ),
                underline_r: (
                    0,
                    71,
                ),
                hide_r: (
                    0,
                    0,
                ),
                strike_r: (
                    0,
                    0,
                ),
            },
            Node {
                bg_color: Default,
                color: Default,
                bold: false,
                blink: false,
                text: "\\",
                dim: false,
                italic: false,
                underline: true,
                hide: false,
                strike: false,
                bg_color_r: (
                    0,
                    0,
                ),
                color_r: (
                    0,
                    0,
                ),
                bold_r: (
                    0,
                    0,
                ),
                blink_r: (
                    0,
                    0,
                ),
                text_r: (
                    31,
                    102,
                ),
                dim_r: (
                    0,
                    0,
                ),
                italic_r: (
                    0,
                    0,
                ),
                underline_r: (
                    0,
                    71,
                ),
                hide_r: (
                    0,
                    0,
                ),
                strike_r: (
                    0,
                    0,
                ),
            },
            Node {
                bg_color: Default,
                color: Default,
                bold: false,
                blink: false,
                text: "f",
                dim: false,
                italic: false,
                underline: true,
                hide: false,
                strike: false,
                bg_color_r: (
                    0,
                    0,
                ),
                color_r: (
                    0,
                    0,
                ),
                bold_r: (
                    0,
                    0,
                ),
                blink_r: (
                    0,
                    0,
                ),
                text_r: (
                    32,
                    103,
                ),
                dim_r: (
                    0,
                    0,
                ),
                italic_r: (
                    0,
                    0,
                ),
                underline_r: (
                    0,
                    71,
                ),
                hide_r: (
                    0,
                    0,
                ),
                strike_r: (
                    0,
                    0,
                ),
            },
            Node {
                bg_color: Default,
                color: Default,
                bold: false,
                blink: false,
                text: "o",
                dim: false,
                italic: false,
                underline: true,
                hide: false,
                strike: false,
                bg_color_r: (
                    0,
                    0,
                ),
                color_r: (
                    0,
                    0,
                ),
                bold_r: (
                    0,
                    0,
                ),
                blink_r: (
                    0,
                    0,
                ),
                text_r: (
                    33,
                    104,
                ),
                dim_r: (
                    0,
                    0,
                ),
                italic_r: (
                    0,
                    0,
                ),
                underline_r: (
                    0,
                    71,
                ),
                hide_r: (
                    0,
                    0,
                ),
                strike_r: (
                    0,
                    0,
                ),
            },
            Node {
                bg_color: Default,
                color: Default,
                bold: false,
                blink: false,
                text: "o",
                dim: false,
                italic: false,
                underline: true,
                hide: false,
                strike: false,
                bg_color_r: (
                    0,
                    0,
                ),
                color_r: (
                    0,
                    0,
                ),
                bold_r: (
                    0,
                    0,
                ),
                blink_r: (
                    0,
                    0,
                ),
                text_r: (
                    34,
                    105,
                ),
                dim_r: (
                    0,
                    0,
                ),
                italic_r: (
                    0,
                    0,
                ),
                underline_r: (
                    0,
                    71,
                ),
                hide_r: (
                    0,
                    0,
                ),
                strike_r: (
                    0,
                    0,
                ),
            },
            Node {
                bg_color: Default,
                color: Default,
                bold: false,
                blink: false,
                text: " ",
                dim: false,
                italic: false,
                underline: false,
                hide: false,
                strike: false,
                bg_color_r: (
                    0,
                    71,
                ),
                color_r: (
                    0,
                    71,
                ),
                bold_r: (
                    0,
                    71,
                ),
                blink_r: (
                    0,
                    71,
                ),
                text_r: (
                    71,
                    72,
                ),
                dim_r: (
                    0,
                    71,
                ),
                italic_r: (
                    0,
                    71,
                ),
                underline_r: (
                    0,
                    71,
                ),
                hide_r: (
                    0,
                    71,
                ),
                strike_r: (
                    0,
                    71,
                ),
            },
            Node {
                bg_color: Default,
                color: Default,
                bold: false,
                blink: false,
                text: "f",
                dim: false,
                italic: false,
                underline: true,
                hide: false,
                strike: false,
                bg_color_r: (
                    0,
                    71,
                ),
                color_r: (
                    0,
                    71,
                ),
                bold_r: (
                    0,
                    71,
                ),
                blink_r: (
                    0,
                    71,
                ),
                text_r: (
                    72,
                    143,
                ),
                dim_r: (
                    0,
                    71,
                ),
                italic_r: (
                    0,
                    71,
                ),
                underline_r: (
                    72,
                    143,
                ),
                hide_r: (
                    0,
                    71,
                ),
                strike_r: (
                    0,
                    71,
                ),
            },
            Node {
                bg_color: Default,
                color: Default,
                bold: false,
                blink: false,
                text: "o",
                dim: false,
                italic: false,
                underline: true,
                hide: false,
                strike: false,
                bg_color_r: (
                    0,
                    71,
                ),
                color_r: (
                    0,
                    71,
                ),
                bold_r: (
                    0,
                    71,
                ),
                blink_r: (
                    0,
                    71,
                ),
                text_r: (
                    73,
                    144,
                ),
                dim_r: (
                    0,
                    71,
                ),
                italic_r: (
                    0,
                    71,
                ),
                underline_r: (
                    72,
                    143,
                ),
                hide_r: (
                    0,
                    71,
                ),
                strike_r: (
                    0,
                    71,
                ),
            },
            Node {
                bg_color: Default,
                color: Default,
                bold: false,
                blink: false,
                text: "o",
                dim: false,
                italic: false,
                underline: true,
                hide: false,
                strike: false,
                bg_color_r: (
                    0,
                    71,
                ),
                color_r: (
                    0,
                    71,
                ),
                bold_r: (
                    0,
                    71,
                ),
                blink_r: (
                    0,
                    71,
                ),
                text_r: (
                    74,
                    145,
                ),
                dim_r: (
                    0,
                    71,
                ),
                italic_r: (
                    0,
                    71,
                ),
                underline_r: (
                    72,
                    143,
                ),
                hide_r: (
                    0,
                    71,
                ),
                strike_r: (
                    0,
                    71,
                ),
            },
            Node {
                bg_color: Default,
                color: Default,
                bold: false,
                blink: false,
                text: "]",
                dim: false,
                italic: false,
                underline: true,
                hide: false,
                strike: false,
                bg_color_r: (
                    0,
                    71,
                ),
                color_r: (
                    0,
                    71,
                ),
                bold_r: (
                    0,
                    71,
                ),
                blink_r: (
                    0,
                    71,
                ),
                text_r: (
                    76,
                    147,
                ),
                dim_r: (
                    0,
                    71,
                ),
                italic_r: (
                    0,
                    71,
                ),
                underline_r: (
                    72,
                    143,
                ),
                hide_r: (
                    0,
                    71,
                ),
                strike_r: (
                    0,
                    71,
                ),
            },
            Node {
                bg_color: Default,
                color: Default,
                bold: false,
                blink: false,
                text: "8",
                dim: false,
                italic: false,
                underline: true,
                hide: false,
                strike: false,
                bg_color_r: (
                    0,
                    71,
                ),
                color_r: (
                    0,
                    71,
                ),
                bold_r: (
                    0,
                    71,
                ),
                blink_r: (
                    0,
                    71,
                ),
                text_r: (
                    77,
                    148,
                ),
                dim_r: (
                    0,
                    71,
                ),
                italic_r: (
                    0,
                    71,
                ),
                underline_r: (
                    72,
                    143,
                ),
                hide_r: (
                    0,
                    71,
                ),
                strike_r: (
                    0,
                    71,
                ),
            },
            Node {
                bg_color: Default,
                color: Default,
                bold: false,
                blink: false,
                text: ";",
                dim: false,
                italic: false,
                underline: true,
                hide: false,
                strike: false,
                bg_color_r: (
                    0,
                    71,
                ),
                color_r: (
                    0,
                    71,
                ),
                bold_r: (
                    0,
                    71,
                ),
                blink_r: (
                    0,
                    71,
                ),
                text_r: (
                    78,
                    149,
                ),
                dim_r: (
                    0,
                    71,
                ),
                italic_r: (
                    0,
                    71,
                ),
                underline_r: (
                    72,
                    143,
                ),
                hide_r: (
                    0,
                    71,
                ),
                strike_r: (
                    0,
                    71,
                ),
            },
            Node {
                bg_color: Default,
                color: Default,
                bold: false,
                blink: false,
                text: ";",
                dim: false,
                italic: false,
                underline: true,
                hide: false,
                strike: false,
                bg_color_r: (
                    0,
                    71,
                ),
                color_r: (
                    0,
                    71,
                ),
                bold_r: (
                    0,
                    71,
                ),
                blink_r: (
                    0,
                    71,
                ),
                text_r: (
                    79,
                    150,
                ),
                dim_r: (
                    0,
                    71,
                ),
                italic_r: (
                    0,
                    71,
                ),
                underline_r: (
                    72,
                    143,
                ),
                hide_r: (
                    0,
                    71,
                ),
                strike_r: (
                    0,
                    71,
                ),
            },
            Node {
                bg_color: Default,
                color: Default,
                bold: false,
                blink: false,
                text: "h",
                dim: false,
                italic: false,
                underline: true,
                hide: false,
                strike: false,
                bg_color_r: (
                    0,
                    71,
                ),
                color_r: (
                    0,
                    71,
                ),
                bold_r: (
                    0,
                    71,
                ),
                blink_r: (
                    0,
                    71,
                ),
                text_r: (
                    80,
                    151,
                ),
                dim_r: (
                    0,
                    71,
                ),
                italic_r: (
                    0,
                    71,
                ),
                underline_r: (
                    72,
                    143,
                ),
                hide_r: (
                    0,
                    71,
                ),
                strike_r: (
                    0,
                    71,
                ),
            },
            Node {
                bg_color: Default,
                color: Default,
                bold: false,
                blink: false,
                text: "t",
                dim: false,
                italic: false,
                underline: true,
                hide: false,
                strike: false,
                bg_color_r: (
                    0,
                    71,
                ),
                color_r: (
                    0,
                    71,
                ),
                bold_r: (
                    0,
                    71,
                ),
                blink_r: (
                    0,
                    71,
                ),
                text_r: (
                    81,
                    152,
                ),
                dim_r: (
                    0,
                    71,
                ),
                italic_r: (
                    0,
                    71,
                ),
                underline_r: (
                    72,
                    143,
                ),
                hide_r: (
                    0,
                    71,
                ),
                strike_r: (
                    0,
                    71,
                ),
            },
            Node {
                bg_color: Default,
                color: Default,
                bold: false,
                blink: false,
                text: "t",
                dim: false,
                italic: false,
                underline: true,
                hide: false,
                strike: false,
                bg_color_r: (
                    0,
                    71,
                ),
                color_r: (
                    0,
                    71,
                ),
                bold_r: (
                    0,
                    71,
                ),
                blink_r: (
                    0,
                    71,
                ),
                text_r: (
                    82,
                    153,
                ),
                dim_r: (
                    0,
                    71,
                ),
                italic_r: (
                    0,
                    71,
                ),
                underline_r: (
                    72,
                    143,
                ),
                hide_r: (
                    0,
                    71,
                ),
                strike_r: (
                    0,
                    71,
                ),
            },
            Node {
                bg_color: Default,
                color: Default,
                bold: false,
                blink: false,
                text: "p",
                dim: false,
                italic: false,
                underline: true,
                hide: false,
                strike: false,
                bg_color_r: (
                    0,
                    71,
                ),
                color_r: (
                    0,
                    71,
                ),
                bold_r: (
                    0,
                    71,
                ),
                blink_r: (
                    0,
                    71,
                ),
                text_r: (
                    83,
                    154,
                ),
                dim_r: (
                    0,
                    71,
                ),
                italic_r: (
                    0,
                    71,
                ),
                underline_r: (
                    72,
                    143,
                ),
                hide_r: (
                    0,
                    71,
                ),
                strike_r: (
                    0,
                    71,
                ),
            },
            Node {
                bg_color: Default,
                color: Default,
                bold: false,
                blink: false,
                text: ":",
                dim: false,
                italic: false,
                underline: true,
                hide: false,
                strike: false,
                bg_color_r: (
                    0,
                    71,
                ),
                color_r: (
                    0,
                    71,
                ),
                bold_r: (
                    0,
                    71,
                ),
                blink_r: (
                    0,
                    71,
                ),
                text_r: (
                    84,
                    155,
                ),
                dim_r: (
                    0,
                    71,
                ),
                italic_r: (
                    0,
                    71,
                ),
                underline_r: (
                    72,
                    143,
                ),
                hide_r: (
                    0,
                    71,
                ),
                strike_r: (
                    0,
                    71,
                ),
            },
            Node {
                bg_color: Default,
                color: Default,
                bold: false,
                blink: false,
                text: "/",
                dim: false,
                italic: false,
                underline: true,
                hide: false,
                strike: false,
                bg_color_r: (
                    0,
                    71,
                ),
                color_r: (
                    0,
                    71,
                ),
                bold_r: (
                    0,
                    71,
                ),
                blink_r: (
                    0,
                    71,
                ),
                text_r: (
                    85,
                    156,
                ),
                dim_r: (
                    0,
                    71,
                ),
                italic_r: (
                    0,
                    71,
                ),
                underline_r: (
                    72,
                    143,
                ),
                hide_r: (
                    0,
                    71,
                ),
                strike_r: (
                    0,
                    71,
                ),
            },
            Node {
                bg_color: Default,
                color: Default,
                bold: false,
                blink: false,
                text: "/",
                dim: false,
                italic: false,
                underline: true,
                hide: false,
                strike: false,
                bg_color_r: (
                    0,
                    71,
                ),
                color_r: (
                    0,
                    71,
                ),
                bold_r: (
                    0,
                    71,
                ),
                blink_r: (
                    0,
                    71,
                ),
                text_r: (
                    86,
                    157,
                ),
                dim_r: (
                    0,
                    71,
                ),
                italic_r: (
                    0,
                    71,
                ),
                underline_r: (
                    72,
                    143,
                ),
                hide_r: (
                    0,
                    71,
                ),
                strike_r: (
                    0,
                    71,
                ),
            },
            Node {
                bg_color: Default,
                color: Default,
                bold: false,
                blink: false,
                text: "e",
                dim: false,
                italic: false,
                underline: true,
                hide: false,
                strike: false,
                bg_color_r: (
                    0,
                    71,
                ),
                color_r: (
                    0,
                    71,
                ),
                bold_r: (
                    0,
                    71,
                ),
                blink_r: (
                    0,
                    71,
                ),
                text_r: (
                    87,
                    158,
                ),
                dim_r: (
                    0,
                    71,
                ),
                italic_r: (
                    0,
                    71,
                ),
                underline_r: (
                    72,
                    143,
                ),
                hide_r: (
                    0,
                    71,
                ),
                strike_r: (
                    0,
                    71,
                ),
            },
            Node {
                bg_color: Default,
                color: Default,
                bold: false,
                blink: false,
                text: "x",
                dim: false,
                italic: false,
                underline: true,
                hide: false,
                strike: false,
                bg_color_r: (
                    0,
                    71,
                ),
                color_r: (
                    0,
                    71,
                ),
                bold_r: (
                    0,
                    71,
                ),
                blink_r: (
                    0,
                    71,
                ),
                text_r: (
                    88,
                    159,
                ),
                dim_r: (
                    0,
                    71,
                ),
                italic_r: (
                    0,
                    71,
                ),
                underline_r: (
                    72,
                    143,
                ),
                hide_r: (
                    0,
                    71,
                ),
                strike_r: (
                    0,
                    71,
                ),
            },
            Node {
                bg_color: Default,
                color: Default,
                bold: false,
                blink: false,
                text: "a",
                dim: false,
                italic: false,
                underline: true,
                hide: false,
                strike: false,
                bg_color_r: (
                    0,
                    71,
                ),
                color_r: (
                    0,
                    71,
                ),
                bold_r: (
                    0,
                    71,
                ),
                blink_r: (
                    0,
                    71,
                ),
                text_r: (
                    89,
                    160,
                ),
                dim_r: (
                    0,
                    71,
                ),
                italic_r: (
                    0,
                    71,
                ),
                underline_r: (
                    72,
                    143,
                ),
                hide_r: (
                    0,
                    71,
                ),
                strike_r: (
                    0,
                    71,
                ),
            },
            Node {
                bg_color: Default,
                color: Default,
                bold: false,
                blink: false,
                text: "m",
                dim: false,
                italic: false,
                underline: true,
                hide: false,
                strike: false,
                bg_color_r: (
                    0,
                    71,
                ),
                color_r: (
                    0,
                    71,
                ),
                bold_r: (
                    0,
                    71,
                ),
                blink_r: (
                    0,
                    71,
                ),
                text_r: (
                    90,
                    161,
                ),
                dim_r: (
                    0,
                    71,
                ),
                italic_r: (
                    0,
                    71,
                ),
                underline_r: (
                    72,
                    143,
                ),
                hide_r: (
                    0,
                    71,
                ),
                strike_r: (
                    0,
                    71,
                ),
            },
            Node {
                bg_color: Default,
                color: Default,
                bold: false,
                blink: false,
                text: "p",
                dim: false,
                italic: false,
                underline: true,
                hide: false,
                strike: false,
                bg_color_r: (
                    0,
                    71,
                ),
                color_r: (
                    0,
                    71,
                ),
                bold_r: (
                    0,
                    71,
                ),
                blink_r: (
                    0,
                    71,
                ),
                text_r: (
                    91,
                    162,
                ),
                dim_r: (
                    0,
                    71,
                ),
                italic_r: (
                    0,
                    71,
                ),
                underline_r: (
                    72,
                    143,
                ),
                hide_r: (
                    0,
                    71,
                ),
                strike_r: (
                    0,
                    71,
                ),
            },
            Node {
                bg_color: Default,
                color: Default,
                bold: false,
                blink: false,
                text: "l",
                dim: false,
                italic: false,
                underline: true,
                hide: false,
                strike: false,
                bg_color_r: (
                    0,
                    71,
                ),
                color_r: (
                    0,
                    71,
                ),
                bold_r: (
                    0,
                    71,
                ),
                blink_r: (
                    0,
                    71,
                ),
                text_r: (
                    92,
                    163,
                ),
                dim_r: (
                    0,
                    71,
                ),
                italic_r: (
                    0,
                    71,
                ),
                underline_r: (
                    72,
                    143,
                ),
                hide_r: (
                    0,
                    71,
                ),
                strike_r: (
                    0,
                    71,
                ),
            },
            Node {
                bg_color: Default,
                color: Default,
                bold: false,
                blink: false,
                text: "e",
                dim: false,
                italic: false,
                underline: true,
                hide: false,
                strike: false,
                bg_color_r: (
                    0,
                    71,
                ),
                color_r: (
                    0,
                    71,
                ),
                bold_r: (
                    0,
                    71,
                ),
                blink_r: (
                    0,
                    71,
                ),
                text_r: (
                    93,
                    164,
                ),
                dim_r: (
                    0,
                    71,
                ),
                italic_r: (
                    0,
                    71,
                ),
                underline_r: (
                    72,
                    143,
                ),
                hide_r: (
                    0,
                    71,
                ),
                strike_r: (
                    0,
                    71,
                ),
            },
            Node {
                bg_color: Default,
                color: Default,
                bold: false,
                blink: false,
                text: ".",
                dim: false,
                italic: false,
                underline: true,
                hide: false,
                strike: false,
                bg_color_r: (
                    0,
                    71,
                ),
                color_r: (
                    0,
                    71,
                ),
                bold_r: (
                    0,
                    71,
                ),
                blink_r: (
                    0,
                    71,
                ),
                text_r: (
                    94,
                    165,
                ),
                dim_r: (
                    0,
                    71,
                ),
                italic_r: (
                    0,
                    71,
                ),
                underline_r: (
                    72,
                    143,
                ),
                hide_r: (
                    0,
                    71,
                ),
                strike_r: (
                    0,
                    71,
                ),
            },
            Node {
                bg_color: Default,
                color: Default,
                bold: false,
                blink: false,
                text: "c",
                dim: false,
                italic: false,
                underline: true,
                hide: false,
                strike: false,
                bg_color_r: (
                    0,
                    71,
                ),
                color_r: (
                    0,
                    71,
                ),
                bold_r: (
                    0,
                    71,
                ),
                blink_r: (
                    0,
                    71,
                ),
                text_r: (
                    95,
                    166,
                ),
                dim_r: (
                    0,
                    71,
                ),
                italic_r: (
                    0,
                    71,
                ),
                underline_r: (
                    72,
                    143,
                ),
                hide_r: (
                    0,
                    71,
                ),
                strike_r: (
                    0,
                    71,
                ),
            },
            Node {
                bg_color: Default,
                color: Default,
                bold: false,
                blink: false,
                text: "o",
                dim: false,
                italic: false,
                underline: true,
                hide: false,
                strike: false,
                bg_color_r: (
                    0,
                    71,
                ),
                color_r: (
                    0,
                    71,
                ),
                bold_r: (
                    0,
                    71,
                ),
                blink_r: (
                    0,
                    71,
                ),
                text_r: (
                    96,
                    167,
                ),
                dim_r: (
                    0,
                    71,
                ),
                italic_r: (
                    0,
                    71,
                ),
                underline_r: (
                    72,
                    143,
                ),
                hide_r: (
                    0,
                    71,
                ),
                strike_r: (
                    0,
                    71,
                ),
            },
            Node {
                bg_color: Default,
                color: Default,
                bold: false,
                blink: false,
                text: "m",
                dim: false,
                italic: false,
                underline: true,
                hide: false,
                strike: false,
                bg_color_r: (
                    0,
                    71,
                ),
                color_r: (
                    0,
                    71,
                ),
                bold_r: (
                    0,
                    71,
                ),
                blink_r: (
                    0,
                    71,
                ),
                text_r: (
                    97,
                    168,
                ),
                dim_r: (
                    0,
                    71,
                ),
                italic_r: (
                    0,
                    71,
                ),
                underline_r: (
                    72,
                    143,
                ),
                hide_r: (
                    0,
                    71,
                ),
                strike_r: (
                    0,
                    71,
                ),
            },
            Node {
                bg_color: Default,
                color: Default,
                bold: false,
                blink: false,
                text: "/",
                dim: false,
                italic: false,
                underline: true,
                hide: false,
                strike: false,
                bg_color_r: (
                    0,
                    71,
                ),
                color_r: (
                    0,
                    71,
                ),
                bold_r: (
                    0,
                    71,
                ),
                blink_r: (
                    0,
                    71,
                ),
                text_r: (
                    98,
                    169,
                ),
                dim_r: (
                    0,
                    71,
                ),
                italic_r: (
                    0,
                    71,
                ),
                underline_r: (
                    72,
                    143,
                ),
                hide_r: (
                    0,
                    71,
                ),
                strike_r: (
                    0,
                    71,
                ),
            },
            Node {
                bg_color: Default,
                color: Default,
                bold: false,
                blink: false,
                text: "b",
                dim: false,
                italic: false,
                underline: true,
                hide: false,
                strike: false,
                bg_color_r: (
                    0,
                    71,
                ),
                color_r: (
                    0,
                    71,
                ),
                bold_r: (
                    0,
                    71,
                ),
                blink_r: (
                    0,
                    71,
                ),
                text_r: (
                    99,
                    170,
                ),
                dim_r: (
                    0,
                    71,
                ),
                italic_r: (
                    0,
                    71,
                ),
                underline_r: (
                    72,
                    143,
                ),
                hide_r: (
                    0,
                    71,
                ),
                strike_r: (
                    0,
                    71,
                ),
            },
            Node {
                bg_color: Default,
                color: Default,
                bold: false,
                blink: false,
                text: "a",
                dim: false,
                italic: false,
                underline: true,
                hide: false,
                strike: false,
                bg_color_r: (
                    0,
                    71,
                ),
                color_r: (
                    0,
                    71,
                ),
                bold_r: (
                    0,
                    71,
                ),
                blink_r: (
                    0,
                    71,
                ),
                text_r: (
                    100,
                    171,
                ),
                dim_r: (
                    0,
                    71,
                ),
                italic_r: (
                    0,
                    71,
                ),
                underline_r: (
                    72,
                    143,
                ),
                hide_r: (
                    0,
                    71,
                ),
                strike_r: (
                    0,
                    71,
                ),
            },
            Node {
                bg_color: Default,
                color: Default,
                bold: false,
                blink: false,
                text: "r",
                dim: false,
                italic: false,
                underline: true,
                hide: false,
                strike: false,
                bg_color_r: (
                    0,
                    71,
                ),
                color_r: (
                    0,
                    71,
                ),
                bold_r: (
                    0,
                    71,
                ),
                blink_r: (
                    0,
                    71,
                ),
                text_r: (
                    101,
                    172,
                ),
                dim_r: (
                    0,
                    71,
                ),
                italic_r: (
                    0,
                    71,
                ),
                underline_r: (
                    72,
                    143,
                ),
                hide_r: (
                    0,
                    71,
                ),
                strike_r: (
                    0,
                    71,
                ),
            },
            Node {
                bg_color: Default,
                color: Default,
                bold: false,
                blink: false,
                text: "\\",
                dim: false,
                italic: false,
                underline: true,
                hide: false,
                strike: false,
                bg_color_r: (
                    0,
                    71,
                ),
                color_r: (
                    0,
                    71,
                ),
                bold_r: (
                    0,
                    71,
                ),
                blink_r: (
                    0,
                    71,
                ),
                text_r: (
                    103,
                    174,
                ),
                dim_r: (
                    0,
                    71,
                ),
                italic_r: (
                    0,
                    71,
                ),
                underline_r: (
                    72,
                    143,
                ),
                hide_r: (
                    0,
                    71,
                ),
                strike_r: (
                    0,
                    71,
                ),
            },
            Node {
                bg_color: Default,
                color: Default,
                bold: false,
                blink: false,
                text: "b",
                dim: false,
                italic: false,
                underline: true,
                hide: false,
                strike: false,
                bg_color_r: (
                    0,
                    71,
                ),
                color_r: (
                    0,
                    71,
                ),
                bold_r: (
                    0,
                    71,
                ),
                blink_r: (
                    0,
                    71,
                ),
                text_r: (
                    104,
                    175,
                ),
                dim_r: (
                    0,
                    71,
                ),
                italic_r: (
                    0,
                    71,
                ),
                underline_r: (
                    72,
                    143,
                ),
                hide_r: (
                    0,
                    71,
                ),
                strike_r: (
                    0,
                    71,
                ),
            },
            Node {
                bg_color: Default,
                color: Default,
                bold: false,
                blink: false,
                text: "a",
                dim: false,
                italic: false,
                underline: true,
                hide: false,
                strike: false,
                bg_color_r: (
                    0,
                    71,
                ),
                color_r: (
                    0,
                    71,
                ),
                bold_r: (
                    0,
                    71,
                ),
                blink_r: (
                    0,
                    71,
                ),
                text_r: (
                    105,
                    176,
                ),
                dim_r: (
                    0,
                    71,
                ),
                italic_r: (
                    0,
                    71,
                ),
                underline_r: (
                    72,
                    143,
                ),
                hide_r: (
                    0,
                    71,
                ),
                strike_r: (
                    0,
                    71,
                ),
            },
            Node {
                bg_color: Default,
                color: Default,
                bold: false,
                blink: false,
                text: "r",
                dim: false,
                italic: false,
                underline: true,
                hide: false,
                strike: false,
                bg_color_r: (
                    0,
                    71,
                ),
                color_r: (
                    0,
                    71,
                ),
                bold_r: (
                    0,
                    71,
                ),
                blink_r: (
                    0,
                    71,
                ),
                text_r: (
                    106,
                    177,
                ),
                dim_r: (
                    0,
                    71,
                ),
                italic_r: (
                    0,
                    71,
                ),
                underline_r: (
                    72,
                    143,
                ),
                hide_r: (
                    0,
                    71,
                ),
                strike_r: (
                    0,
                    71,
                ),
            },
        ],
    ],
    w: 68,
    h: 1,
}
