---
source: ansi2/src/lib.rs
expression: canvas
---
Canvas {
    pixels: [
        [
            Node {
                bg_color: Default,
                color: Default,
                bold: false,
                blink: false,
                text: "a",
                dim: false,
                italic: false,
                underline: false,
                hide: false,
            },
            Node {
                bg_color: Default,
                color: Default,
                bold: false,
                blink: false,
                text: "n",
                dim: false,
                italic: false,
                underline: false,
                hide: false,
            },
            Node {
                bg_color: Default,
                color: Default,
                bold: false,
                blink: false,
                text: "s",
                dim: false,
                italic: false,
                underline: false,
                hide: false,
            },
            Node {
                bg_color: Default,
                color: Default,
                bold: false,
                blink: false,
                text: "i",
                dim: false,
                italic: false,
                underline: false,
                hide: false,
            },
        ],
    ],
    w: 5,
    h: 1,
}
