---
source: ansi2/src/lib.rs
expression: canvas.minify()
---
[
    [
        Node {
            bg_color: Default,
            color: Default,
            bold: false,
            blink: false,
            text: "aaa",
            dim: false,
            italic: false,
            underline: false,
            hide: false,
        },
        Node {
            bg_color: Default,
            color: Default,
            bold: true,
            blink: false,
            text: "bold",
            dim: false,
            italic: false,
            underline: false,
            hide: false,
        },
        Node {
            bg_color: Default,
            color: Default,
            bold: false,
            blink: false,
            text: " ",
            dim: false,
            italic: false,
            underline: false,
            hide: false,
        },
        Node {
            bg_color: Default,
            color: Default,
            bold: false,
            blink: false,
            text: "dim",
            dim: true,
            italic: false,
            underline: false,
            hide: false,
        },
        Node {
            bg_color: Default,
            color: Default,
            bold: false,
            blink: false,
            text: " ",
            dim: false,
            italic: false,
            underline: false,
            hide: false,
        },
        Node {
            bg_color: Default,
            color: Default,
            bold: false,
            blink: false,
            text: "italic ",
            dim: false,
            italic: true,
            underline: false,
            hide: false,
        },
        Node {
            bg_color: Default,
            color: Default,
            bold: false,
            blink: false,
            text: "underline",
            dim: false,
            italic: true,
            underline: true,
            hide: false,
        },
    ],
]
